[采购 第1111行] 供应商或产品编码未匹配，已跳过
[进项 第172行] 采购订单号未匹配，已跳过
[进项 第173行] 采购订单号未匹配，已跳过
[进项 第216行] 采购订单号未匹配，已跳过
[进项 第231行] 采购订单号未匹配，已跳过
[进项 第264行] 采购订单号未匹配，已跳过
[进项 第268行] 采购订单号未匹配，已跳过
[进项 第301行] 采购订单号未匹配，已跳过
[进项 第307行] 采购订单号未匹配，已跳过
[进项 第338行] 采购订单号未匹配，已跳过
[进项 第348行] 采购订单号未匹配，已跳过
[进项 第351行] 采购订单号未匹配，已跳过
[进项 第359行] 采购订单号未匹配，已跳过
[进项 第382行] 采购订单号未匹配，已跳过
[进项 第417行] 采购订单号未匹配，已跳过
[进项 第424行] 采购订单号未匹配，已跳过
[进项 第425行] 采购订单号未匹配，已跳过
[进项 第444行] 采购订单号未匹配，已跳过
[进项 第516行] 采购订单号未匹配，已跳过
[进项 第530行] 采购订单号未匹配，已跳过
[进项 第563行] 采购订单号未匹配，已跳过
[进项 第564行] 采购订单号未匹配，已跳过
[进项 第579行] 采购订单号未匹配，已跳过
[进项 第624行] 采购订单号未匹配，已跳过
[进项 第642行] 采购订单号未匹配，已跳过
[进项 第800行] 采购订单号未匹配，已跳过
[进项 第801行] 采购订单号未匹配，已跳过
[进项 第802行] 采购订单号未匹配，已跳过
[进项 第841行] 采购订单号未匹配，已跳过
[进项 第862行] 采购订单号未匹配，已跳过
[进项 第863行] 采购订单号未匹配，已跳过
[进项 第871行] 采购订单号未匹配，已跳过
[进项 第887行] 采购订单号未匹配，已跳过
[进项 第972行] 采购订单号未匹配，已跳过
[进项 第1019行] 采购订单号未匹配，已跳过
[进项 第1020行] 采购订单号未匹配，已跳过
[进项 第1021行] 采购订单号未匹配，已跳过
[进项 第1055行] 采购订单号未匹配，已跳过
[进项 第1071行] 采购订单号未匹配，已跳过
[进项 第1079行] 采购订单号未匹配，已跳过
[进项 第1094行] 采购订单号未匹配，已跳过
[进项 第1098行] 采购订单号未匹配，已跳过
[进项 第1111行] 采购订单号未匹配，已跳过
[进项 第1292行] 采购订单号未匹配，已跳过
[进项 第1326行] 采购订单号未匹配，已跳过
[进项 第1442行] 采购订单号未匹配，已跳过
[进项 第1443行] 采购订单号未匹配，已跳过
[进项 第1449行] 采购订单号未匹配，已跳过
[进项 第1452行] 采购订单号未匹配，已跳过
[进项 第1453行] 采购订单号未匹配，已跳过
[进项 第1459行] 采购订单号未匹配，已跳过
[进项 第1484行] 采购订单号未匹配，已跳过
[进项 第1507行] 采购订单号未匹配，已跳过
[进项 第1508行] 采购订单号未匹配，已跳过
[进项 第1542行] 采购订单号未匹配，已跳过
[进项 第1543行] 采购订单号未匹配，已跳过
[进项 第1566行] 采购订单号未匹配，已跳过
[进项 第1599行] 采购订单号未匹配，已跳过
[进项 第1600行] 采购订单号未匹配，已跳过
[进项 第1601行] 采购订单号未匹配，已跳过
[进项 第1651行] 采购订单号未匹配，已跳过
[进项 第1674行] 采购订单号未匹配，已跳过
[进项 第1675行] 采购订单号未匹配，已跳过
[进项 第1713行] 采购订单号未匹配，已跳过
[进项 第1714行] 采购订单号未匹配，已跳过
[进项 第1715行] 采购订单号未匹配，已跳过
[进项 第1716行] 采购订单号未匹配，已跳过
[进项 第1759行] 采购订单号未匹配，已跳过
[进项 第1765行] 采购订单号未匹配，已跳过
[进项 第1768行] 采购订单号未匹配，已跳过
[进项 第1792行] 采购订单号未匹配，已跳过
[进项 第1809行] 采购订单号未匹配，已跳过
[进项 第1869行] 采购订单号未匹配，已跳过
[进项 第1892行] 采购订单号未匹配，已跳过
[进项 第1893行] 采购订单号未匹配，已跳过
[进项 第1902行] 采购订单号未匹配，已跳过
[进项 第1930行] 采购订单号未匹配，已跳过
[进项 第1931行] 采购订单号未匹配，已跳过
[进项 第1932行] 采购订单号未匹配，已跳过
[进项 第1933行] 采购订单号未匹配，已跳过
[进项 第1980行] 采购订单号未匹配，已跳过
[进项 第1981行] 采购订单号未匹配，已跳过
[进项 第2051行] 采购订单号未匹配，已跳过
[进项 第2171行] 采购订单号未匹配，已跳过
[进项 第2201行] 采购订单号未匹配，已跳过
[进项 第2213行] 采购订单号未匹配，已跳过
[进项 第2353行] 采购订单号未匹配，已跳过
[进项 第2404行] 采购订单号未匹配，已跳过
[进项 第2424行] 采购订单号未匹配，已跳过
[进项 第2447行] 采购订单号未匹配，已跳过
[进项 第2458行] 采购订单号未匹配，已跳过
[进项 第2461行] 采购订单号未匹配，已跳过
[进项 第2476行] 采购订单号未匹配，已跳过
[进项 第2512行] 采购订单号未匹配，已跳过
[进项 第2518行] 采购订单号未匹配，已跳过
[进项 第2519行] 采购订单号未匹配，已跳过
[进项 第2520行] 采购订单号未匹配，已跳过
[进项 第2521行] 采购订单号未匹配，已跳过
[进项 第2522行] 采购订单号未匹配，已跳过
[进项 第2523行] 采购订单号未匹配，已跳过
[进项 第2581行] 采购订单号未匹配，已跳过
[进项 第2582行] 采购订单号未匹配，已跳过
[进项 第2603行] 采购订单号未匹配，已跳过
[进项 第2637行] 采购订单号未匹配，已跳过
[进项 第2647行] 采购订单号未匹配，已跳过
[进项 第2678行] 采购订单号未匹配，已跳过
[进项 第2746行] 采购订单号未匹配，已跳过
[进项 第2752行] 采购订单号未匹配，已跳过
[进项 第2778行] 采购订单号未匹配，已跳过
[进项 第2816行] 采购订单号未匹配，已跳过
[进项 第2848行] 采购订单号未匹配，已跳过
[进项 第2885行] 采购订单号未匹配，已跳过
[进项 第2952行] 采购订单号未匹配，已跳过
[进项 第2975行] 采购订单号未匹配，已跳过
[进项 第2982行] 采购订单号未匹配，已跳过
[进项 第2987行] 采购订单号未匹配，已跳过
[进项 第2988行] 采购订单号未匹配，已跳过
[进项 第3057行] 采购订单号未匹配，已跳过
[进项 第3058行] 采购订单号未匹配，已跳过
[进项 第3059行] 采购订单号未匹配，已跳过
[进项 第3060行] 采购订单号未匹配，已跳过
[进项 第3061行] 采购订单号未匹配，已跳过
[进项 第3062行] 采购订单号未匹配，已跳过
[进项 第3063行] 采购订单号未匹配，已跳过
[进项 第3064行] 采购订单号未匹配，已跳过
[进项 第3065行] 采购订单号未匹配，已跳过
[进项 第3066行] 采购订单号未匹配，已跳过
[进项 第3067行] 采购订单号未匹配，已跳过
[进项 第3068行] 采购订单号未匹配，已跳过
[进项 第3069行] 采购订单号未匹配，已跳过
[进项 第3070行] 采购订单号未匹配，已跳过
[进项 第3071行] 采购订单号未匹配，已跳过
[进项 第3072行] 采购订单号未匹配，已跳过
[进项 第3073行] 采购订单号未匹配，已跳过
[进项 第3074行] 采购订单号未匹配，已跳过
[进项 第3075行] 采购订单号未匹配，已跳过
[进项 第3076行] 采购订单号未匹配，已跳过
[进项 第3077行] 采购订单号未匹配，已跳过
[进项 第3078行] 采购订单号未匹配，已跳过
[进项 第3079行] 采购订单号未匹配，已跳过
[进项 第3080行] 采购订单号未匹配，已跳过
[进项 第3081行] 采购订单号未匹配，已跳过
[进项 第3082行] 采购订单号未匹配，已跳过
[进项 第3083行] 采购订单号未匹配，已跳过
[进项 第3084行] 采购订单号未匹配，已跳过
[进项 第3085行] 采购订单号未匹配，已跳过
[进项 第3086行] 采购订单号未匹配，已跳过
[进项 第3087行] 采购订单号未匹配，已跳过
[进项 第3088行] 采购订单号未匹配，已跳过
[进项 第3089行] 采购订单号未匹配，已跳过
[进项 第3090行] 采购订单号未匹配，已跳过
[进项 第3091行] 采购订单号未匹配，已跳过
[进项 第3092行] 采购订单号未匹配，已跳过
[进项 第3093行] 采购订单号未匹配，已跳过
[进项 第3094行] 采购订单号未匹配，已跳过
[进项 第3095行] 采购订单号未匹配，已跳过
[进项 第3096行] 采购订单号未匹配，已跳过
[进项 第3097行] 采购订单号未匹配，已跳过
[进项 第3098行] 采购订单号未匹配，已跳过
[进项 第3099行] 采购订单号未匹配，已跳过
[进项 第3100行] 采购订单号未匹配，已跳过
[进项 第3101行] 采购订单号未匹配，已跳过
[进项 第3102行] 采购订单号未匹配，已跳过
[进项 第3103行] 采购订单号未匹配，已跳过
[进项 第3104行] 采购订单号未匹配，已跳过
[进项 第3105行] 采购订单号未匹配，已跳过
[进项 第3106行] 采购订单号未匹配，已跳过
[进项 第3107行] 采购订单号未匹配，已跳过
[进项 第3108行] 采购订单号未匹配，已跳过
[进项 第3109行] 采购订单号未匹配，已跳过
[进项 第3110行] 采购订单号未匹配，已跳过
[进项 第3111行] 采购订单号未匹配，已跳过
[进项 第3112行] 采购订单号未匹配，已跳过
[进项 第3113行] 采购订单号未匹配，已跳过
[进项 第3114行] 采购订单号未匹配，已跳过
[进项 第3115行] 采购订单号未匹配，已跳过
[进项 第3116行] 采购订单号未匹配，已跳过
[进项 第3117行] 采购订单号未匹配，已跳过
[进项 第3118行] 采购订单号未匹配，已跳过
[进项 第3119行] 采购订单号未匹配，已跳过
[进项 第3120行] 采购订单号未匹配，已跳过
[进项 第3121行] 采购订单号未匹配，已跳过
[进项 第3122行] 采购订单号未匹配，已跳过
[进项 第3123行] 采购订单号未匹配，已跳过
[进项 第3124行] 采购订单号未匹配，已跳过
[进项 第3125行] 采购订单号未匹配，已跳过
[进项 第3126行] 采购订单号未匹配，已跳过
[进项 第3127行] 采购订单号未匹配，已跳过
[进项 第3128行] 采购订单号未匹配，已跳过
[进项 第3129行] 采购订单号未匹配，已跳过
[进项 第3130行] 采购订单号未匹配，已跳过
[进项 第3131行] 采购订单号未匹配，已跳过
[进项 第3132行] 采购订单号未匹配，已跳过
[进项 第3133行] 采购订单号未匹配，已跳过
[进项 第3134行] 采购订单号未匹配，已跳过
[进项 第3135行] 采购订单号未匹配，已跳过
[进项 第3136行] 采购订单号未匹配，已跳过
[进项 第3137行] 采购订单号未匹配，已跳过
[进项 第3138行] 采购订单号未匹配，已跳过
[进项 第3139行] 采购订单号未匹配，已跳过
[进项 第3140行] 采购订单号未匹配，已跳过
[进项 第3141行] 采购订单号未匹配，已跳过
[进项 第3142行] 采购订单号未匹配，已跳过
[进项 第3143行] 采购订单号未匹配，已跳过
[进项 第3144行] 采购订单号未匹配，已跳过
[进项 第3145行] 采购订单号未匹配，已跳过
[进项 第3146行] 采购订单号未匹配，已跳过
[进项 第3147行] 采购订单号未匹配，已跳过
[进项 第3148行] 采购订单号未匹配，已跳过
[进项 第3149行] 采购订单号未匹配，已跳过
[进项 第3150行] 采购订单号未匹配，已跳过
[进项 第3151行] 采购订单号未匹配，已跳过
[进项 第3152行] 采购订单号未匹配，已跳过
[进项 第3153行] 采购订单号未匹配，已跳过
[进项 第3154行] 采购订单号未匹配，已跳过
[进项 第3155行] 采购订单号未匹配，已跳过
[进项 第3156行] 采购订单号未匹配，已跳过
[进项 第3157行] 采购订单号未匹配，已跳过
[进项 第3158行] 采购订单号未匹配，已跳过
[进项 第3159行] 采购订单号未匹配，已跳过
[进项 第3160行] 采购订单号未匹配，已跳过
[进项 第3161行] 采购订单号未匹配，已跳过
[进项 第3162行] 采购订单号未匹配，已跳过
[进项 第3163行] 采购订单号未匹配，已跳过
[进项 第3164行] 采购订单号未匹配，已跳过
[进项 第3165行] 采购订单号未匹配，已跳过
[进项 第3166行] 采购订单号未匹配，已跳过
[进项 第3167行] 采购订单号未匹配，已跳过
[进项 第3168行] 采购订单号未匹配，已跳过
[进项 第3169行] 采购订单号未匹配，已跳过
[进项 第3170行] 采购订单号未匹配，已跳过
[进项 第3171行] 采购订单号未匹配，已跳过
[进项 第3172行] 采购订单号未匹配，已跳过
[进项 第3173行] 采购订单号未匹配，已跳过
[进项 第3174行] 采购订单号未匹配，已跳过
[进项 第3175行] 采购订单号未匹配，已跳过
[进项 第3176行] 采购订单号未匹配，已跳过
[进项 第3177行] 采购订单号未匹配，已跳过
[进项 第3178行] 采购订单号未匹配，已跳过
[进项 第3179行] 采购订单号未匹配，已跳过
[进项 第3180行] 采购订单号未匹配，已跳过
[进项 第3181行] 采购订单号未匹配，已跳过
[进项 第3182行] 采购订单号未匹配，已跳过
[进项 第3183行] 采购订单号未匹配，已跳过
[进项 第3184行] 采购订单号未匹配，已跳过
[进项 第3185行] 采购订单号未匹配，已跳过
[进项 第3186行] 采购订单号未匹配，已跳过
[进项 第3187行] 采购订单号未匹配，已跳过
[进项 第3188行] 采购订单号未匹配，已跳过
[进项 第3189行] 采购订单号未匹配，已跳过
[进项 第3190行] 采购订单号未匹配，已跳过
[进项 第3191行] 采购订单号未匹配，已跳过
[进项 第3192行] 采购订单号未匹配，已跳过
[进项 第3193行] 采购订单号未匹配，已跳过
[进项 第3194行] 采购订单号未匹配，已跳过
[进项 第3195行] 采购订单号未匹配，已跳过
[进项 第3196行] 采购订单号未匹配，已跳过
[进项 第3197行] 采购订单号未匹配，已跳过
[进项 第3198行] 采购订单号未匹配，已跳过
[进项 第3199行] 采购订单号未匹配，已跳过
[进项 第3200行] 采购订单号未匹配，已跳过
[进项 第3201行] 采购订单号未匹配，已跳过
[进项 第3202行] 采购订单号未匹配，已跳过
[进项 第3203行] 采购订单号未匹配，已跳过
[进项 第3204行] 采购订单号未匹配，已跳过
[进项 第3205行] 采购订单号未匹配，已跳过
[进项 第3206行] 采购订单号未匹配，已跳过
[进项 第3207行] 采购订单号未匹配，已跳过
[进项 第3208行] 采购订单号未匹配，已跳过
[进项 第3209行] 采购订单号未匹配，已跳过
[进项 第3210行] 采购订单号未匹配，已跳过
[进项 第3211行] 采购订单号未匹配，已跳过
[进项 第3212行] 采购订单号未匹配，已跳过
[进项 第3213行] 采购订单号未匹配，已跳过
[进项 第3214行] 采购订单号未匹配，已跳过
[进项 第3215行] 采购订单号未匹配，已跳过
[进项 第3216行] 采购订单号未匹配，已跳过
[进项 第3217行] 采购订单号未匹配，已跳过
[进项 第3218行] 采购订单号未匹配，已跳过
[进项 第3219行] 采购订单号未匹配，已跳过
[进项 第3220行] 采购订单号未匹配，已跳过
[进项 第3221行] 采购订单号未匹配，已跳过
[进项 第3222行] 采购订单号未匹配，已跳过
[进项 第3223行] 采购订单号未匹配，已跳过
[进项 第3224行] 采购订单号未匹配，已跳过
[进项 第3225行] 采购订单号未匹配，已跳过
[进项 第3226行] 采购订单号未匹配，已跳过
[进项 第3227行] 采购订单号未匹配，已跳过
[进项 第3228行] 采购订单号未匹配，已跳过
[进项 第3229行] 采购订单号未匹配，已跳过
[进项 第3230行] 采购订单号未匹配，已跳过
[进项 第3231行] 采购订单号未匹配，已跳过
[进项 第3232行] 采购订单号未匹配，已跳过
[进项 第3233行] 采购订单号未匹配，已跳过
[进项 第3234行] 采购订单号未匹配，已跳过
[进项 第3235行] 采购订单号未匹配，已跳过
[进项 第3236行] 采购订单号未匹配，已跳过
[进项 第3237行] 采购订单号未匹配，已跳过
[进项 第3238行] 采购订单号未匹配，已跳过
[进项 第3239行] 采购订单号未匹配，已跳过
[进项 第3240行] 采购订单号未匹配，已跳过
[进项 第3241行] 采购订单号未匹配，已跳过
[进项 第3242行] 采购订单号未匹配，已跳过
[进项 第3243行] 采购订单号未匹配，已跳过
[进项 第3244行] 采购订单号未匹配，已跳过
[进项 第3245行] 采购订单号未匹配，已跳过
[进项 第3246行] 采购订单号未匹配，已跳过
[进项 第3247行] 采购订单号未匹配，已跳过
[进项 第3248行] 采购订单号未匹配，已跳过
[进项 第3249行] 采购订单号未匹配，已跳过
[进项 第3250行] 采购订单号未匹配，已跳过
[进项 第3251行] 采购订单号未匹配，已跳过
[进项 第3252行] 采购订单号未匹配，已跳过
[进项 第3253行] 采购订单号未匹配，已跳过
[进项 第3254行] 采购订单号未匹配，已跳过
[进项 第3255行] 采购订单号未匹配，已跳过
[进项 第3256行] 采购订单号未匹配，已跳过
[进项 第3257行] 采购订单号未匹配，已跳过
[进项 第3258行] 采购订单号未匹配，已跳过
[进项 第3259行] 采购订单号未匹配，已跳过
[进项 第3260行] 采购订单号未匹配，已跳过
[进项 第3261行] 采购订单号未匹配，已跳过
[进项 第3262行] 采购订单号未匹配，已跳过
[进项 第3263行] 采购订单号未匹配，已跳过
[进项 第3264行] 采购订单号未匹配，已跳过
[进项 第3265行] 采购订单号未匹配，已跳过
[进项 第3266行] 采购订单号未匹配，已跳过
[进项 第3267行] 采购订单号未匹配，已跳过
[进项 第3268行] 采购订单号未匹配，已跳过
[进项 第3269行] 采购订单号未匹配，已跳过
[进项 第3270行] 采购订单号未匹配，已跳过
[进项 第3271行] 采购订单号未匹配，已跳过
[进项 第3272行] 采购订单号未匹配，已跳过
[进项 第3273行] 采购订单号未匹配，已跳过
[进项 第3274行] 采购订单号未匹配，已跳过
[进项 第3275行] 采购订单号未匹配，已跳过
[进项 第3276行] 采购订单号未匹配，已跳过
[进项 第3277行] 采购订单号未匹配，已跳过
[进项 第3278行] 采购订单号未匹配，已跳过
[进项 第3279行] 采购订单号未匹配，已跳过
[进项 第3280行] 采购订单号未匹配，已跳过
[进项 第3281行] 采购订单号未匹配，已跳过
[进项 第3282行] 采购订单号未匹配，已跳过
[进项 第3283行] 采购订单号未匹配，已跳过
[进项 第3284行] 采购订单号未匹配，已跳过
[进项 第3285行] 采购订单号未匹配，已跳过
[进项 第3286行] 采购订单号未匹配，已跳过
[进项 第3287行] 采购订单号未匹配，已跳过
[进项 第3288行] 采购订单号未匹配，已跳过
[进项 第3289行] 采购订单号未匹配，已跳过
[进项 第3290行] 采购订单号未匹配，已跳过
[进项 第3291行] 采购订单号未匹配，已跳过
[进项 第3292行] 采购订单号未匹配，已跳过
[进项 第3293行] 采购订单号未匹配，已跳过
[进项 第3294行] 采购订单号未匹配，已跳过
[进项 第3295行] 采购订单号未匹配，已跳过
[进项 第3296行] 采购订单号未匹配，已跳过
[进项 第3297行] 采购订单号未匹配，已跳过
[进项 第3298行] 采购订单号未匹配，已跳过
[进项 第3299行] 采购订单号未匹配，已跳过
[进项 第3300行] 采购订单号未匹配，已跳过
[进项 第3301行] 采购订单号未匹配，已跳过
[进项 第3302行] 采购订单号未匹配，已跳过
[进项 第3303行] 采购订单号未匹配，已跳过
[进项 第3304行] 采购订单号未匹配，已跳过
[进项 第3305行] 采购订单号未匹配，已跳过
[进项 第3306行] 采购订单号未匹配，已跳过
[进项 第3307行] 采购订单号未匹配，已跳过
[进项 第3308行] 采购订单号未匹配，已跳过
[进项 第3309行] 采购订单号未匹配，已跳过
[进项 第3310行] 采购订单号未匹配，已跳过
[进项 第3311行] 采购订单号未匹配，已跳过
[进项 第3312行] 采购订单号未匹配，已跳过
[进项 第3313行] 采购订单号未匹配，已跳过
[进项 第3314行] 采购订单号未匹配，已跳过
[进项 第3315行] 采购订单号未匹配，已跳过
[进项 第3316行] 采购订单号未匹配，已跳过
[进项 第3317行] 采购订单号未匹配，已跳过
[进项 第3318行] 采购订单号未匹配，已跳过
[进项 第3319行] 采购订单号未匹配，已跳过
[进项 第3320行] 采购订单号未匹配，已跳过
[进项 第3321行] 采购订单号未匹配，已跳过
[进项 第3322行] 采购订单号未匹配，已跳过
[进项 第3323行] 采购订单号未匹配，已跳过
[进项 第3324行] 采购订单号未匹配，已跳过
[进项 第3325行] 采购订单号未匹配，已跳过
[进项 第3326行] 采购订单号未匹配，已跳过
[进项 第3327行] 采购订单号未匹配，已跳过
[进项 第3328行] 采购订单号未匹配，已跳过
[进项 第3329行] 采购订单号未匹配，已跳过
[进项 第3330行] 采购订单号未匹配，已跳过
[进项 第3331行] 采购订单号未匹配，已跳过
[进项 第3332行] 采购订单号未匹配，已跳过
[进项 第3333行] 采购订单号未匹配，已跳过
[进项 第3334行] 采购订单号未匹配，已跳过
[进项 第3335行] 采购订单号未匹配，已跳过
[进项 第3336行] 采购订单号未匹配，已跳过
[进项 第3337行] 采购订单号未匹配，已跳过
[进项 第3338行] 采购订单号未匹配，已跳过
[进项 第3339行] 采购订单号未匹配，已跳过
[进项 第3340行] 采购订单号未匹配，已跳过
[进项 第3341行] 采购订单号未匹配，已跳过
[进项 第3342行] 采购订单号未匹配，已跳过
[进项 第3343行] 采购订单号未匹配，已跳过
[进项 第3344行] 采购订单号未匹配，已跳过
[进项 第3345行] 采购订单号未匹配，已跳过
[进项 第3346行] 采购订单号未匹配，已跳过
[进项 第3347行] 采购订单号未匹配，已跳过
[进项 第3348行] 采购订单号未匹配，已跳过
[进项 第3349行] 采购订单号未匹配，已跳过
[进项 第3350行] 采购订单号未匹配，已跳过
[进项 第3351行] 采购订单号未匹配，已跳过
[进项 第3352行] 采购订单号未匹配，已跳过
[进项 第3353行] 采购订单号未匹配，已跳过
[进项 第3354行] 采购订单号未匹配，已跳过
[进项 第3355行] 采购订单号未匹配，已跳过
[进项 第3356行] 采购订单号未匹配，已跳过
[进项 第3357行] 采购订单号未匹配，已跳过
[进项 第3358行] 采购订单号未匹配，已跳过
[进项 第3359行] 采购订单号未匹配，已跳过
[进项 第3360行] 采购订单号未匹配，已跳过
[进项 第3361行] 采购订单号未匹配，已跳过
[进项 第3362行] 采购订单号未匹配，已跳过
[进项 第3363行] 采购订单号未匹配，已跳过
[进项 第3364行] 采购订单号未匹配，已跳过
[进项 第3365行] 采购订单号未匹配，已跳过
[进项 第3366行] 采购订单号未匹配，已跳过
[进项 第3367行] 采购订单号未匹配，已跳过
[进项 第3368行] 采购订单号未匹配，已跳过
[进项 第3369行] 采购订单号未匹配，已跳过
[进项 第3370行] 采购订单号未匹配，已跳过
[进项 第3371行] 采购订单号未匹配，已跳过
[进项 第3372行] 采购订单号未匹配，已跳过
[进项 第3373行] 采购订单号未匹配，已跳过
[进项 第3374行] 采购订单号未匹配，已跳过
[进项 第3375行] 采购订单号未匹配，已跳过
[进项 第3376行] 采购订单号未匹配，已跳过
[进项 第3377行] 采购订单号未匹配，已跳过
[进项 第3378行] 采购订单号未匹配，已跳过
[进项 第3379行] 采购订单号未匹配，已跳过
[进项 第3380行] 采购订单号未匹配，已跳过
[进项 第3381行] 采购订单号未匹配，已跳过
[进项 第3382行] 采购订单号未匹配，已跳过
[进项 第3383行] 采购订单号未匹配，已跳过
[进项 第3384行] 采购订单号未匹配，已跳过
[进项 第3385行] 采购订单号未匹配，已跳过
[进项 第3386行] 采购订单号未匹配，已跳过
[进项 第3387行] 采购订单号未匹配，已跳过
[进项 第3388行] 采购订单号未匹配，已跳过
[进项 第3389行] 采购订单号未匹配，已跳过
[进项 第3390行] 采购订单号未匹配，已跳过
[进项 第3391行] 采购订单号未匹配，已跳过
[进项 第3392行] 采购订单号未匹配，已跳过
[进项 第3393行] 采购订单号未匹配，已跳过
[进项 第3394行] 采购订单号未匹配，已跳过
[进项 第3395行] 采购订单号未匹配，已跳过
[进项 第3396行] 采购订单号未匹配，已跳过
[进项 第3397行] 采购订单号未匹配，已跳过
[进项 第3398行] 采购订单号未匹配，已跳过
[进项 第3399行] 采购订单号未匹配，已跳过
[进项 第3400行] 采购订单号未匹配，已跳过
[进项 第3401行] 采购订单号未匹配，已跳过
[进项 第3402行] 采购订单号未匹配，已跳过
[进项 第3403行] 采购订单号未匹配，已跳过
[进项 第3404行] 采购订单号未匹配，已跳过
[进项 第3405行] 采购订单号未匹配，已跳过
[进项 第3406行] 采购订单号未匹配，已跳过
[进项 第3407行] 采购订单号未匹配，已跳过
[进项 第3408行] 采购订单号未匹配，已跳过
[进项 第3409行] 采购订单号未匹配，已跳过
[进项 第3410行] 采购订单号未匹配，已跳过
[进项 第3411行] 采购订单号未匹配，已跳过
[进项 第3412行] 采购订单号未匹配，已跳过
[进项 第3413行] 采购订单号未匹配，已跳过
[进项 第3414行] 采购订单号未匹配，已跳过
[进项 第3415行] 采购订单号未匹配，已跳过
[进项 第3416行] 采购订单号未匹配，已跳过
[进项 第3417行] 采购订单号未匹配，已跳过
[进项 第3418行] 采购订单号未匹配，已跳过
[进项 第3419行] 采购订单号未匹配，已跳过
[进项 第3420行] 采购订单号未匹配，已跳过
[进项 第3421行] 采购订单号未匹配，已跳过
[进项 第3422行] 采购订单号未匹配，已跳过
[进项 第3423行] 采购订单号未匹配，已跳过
[进项 第3424行] 采购订单号未匹配，已跳过
[进项 第3425行] 采购订单号未匹配，已跳过
[进项 第3426行] 采购订单号未匹配，已跳过
[进项 第3427行] 采购订单号未匹配，已跳过
[进项 第3428行] 采购订单号未匹配，已跳过
[进项 第3429行] 采购订单号未匹配，已跳过
[进项 第3430行] 采购订单号未匹配，已跳过
[进项 第3431行] 采购订单号未匹配，已跳过
[进项 第3432行] 采购订单号未匹配，已跳过
[进项 第3433行] 采购订单号未匹配，已跳过
[进项 第3434行] 采购订单号未匹配，已跳过
[进项 第3435行] 采购订单号未匹配，已跳过
[进项 第3436行] 采购订单号未匹配，已跳过
[进项 第3437行] 采购订单号未匹配，已跳过
[进项 第3438行] 采购订单号未匹配，已跳过
[进项 第3439行] 采购订单号未匹配，已跳过
[进项 第3440行] 采购订单号未匹配，已跳过
[进项 第3441行] 采购订单号未匹配，已跳过
[进项 第3442行] 采购订单号未匹配，已跳过
[进项 第3443行] 采购订单号未匹配，已跳过
[进项 第3444行] 采购订单号未匹配，已跳过
[进项 第3445行] 采购订单号未匹配，已跳过
[进项 第3446行] 采购订单号未匹配，已跳过
[进项 第3447行] 采购订单号未匹配，已跳过
[进项 第3448行] 采购订单号未匹配，已跳过
[进项 第3449行] 采购订单号未匹配，已跳过
[进项 第3450行] 采购订单号未匹配，已跳过
[进项 第3451行] 采购订单号未匹配，已跳过
[进项 第3452行] 采购订单号未匹配，已跳过
[进项 第3453行] 采购订单号未匹配，已跳过
[进项 第3454行] 采购订单号未匹配，已跳过
[进项 第3455行] 采购订单号未匹配，已跳过
[进项 第3456行] 采购订单号未匹配，已跳过
[进项 第3457行] 采购订单号未匹配，已跳过
[进项 第3458行] 采购订单号未匹配，已跳过
[进项 第3459行] 采购订单号未匹配，已跳过
[进项 第3460行] 采购订单号未匹配，已跳过
[进项 第3461行] 采购订单号未匹配，已跳过
[进项 第3462行] 采购订单号未匹配，已跳过
[进项 第3463行] 采购订单号未匹配，已跳过
[进项 第3464行] 采购订单号未匹配，已跳过
[进项 第3465行] 采购订单号未匹配，已跳过
[进项 第3466行] 采购订单号未匹配，已跳过
[进项 第3467行] 采购订单号未匹配，已跳过
[进项 第3468行] 采购订单号未匹配，已跳过
[进项 第3469行] 采购订单号未匹配，已跳过
[进项 第3470行] 采购订单号未匹配，已跳过
[进项 第3471行] 采购订单号未匹配，已跳过
[进项 第3472行] 采购订单号未匹配，已跳过
[进项 第3473行] 采购订单号未匹配，已跳过
[进项 第3474行] 采购订单号未匹配，已跳过
[进项 第3475行] 采购订单号未匹配，已跳过
[进项 第3476行] 采购订单号未匹配，已跳过
[进项 第3477行] 采购订单号未匹配，已跳过
[进项 第3478行] 采购订单号未匹配，已跳过
[进项 第3479行] 采购订单号未匹配，已跳过
[进项 第3480行] 采购订单号未匹配，已跳过
[进项 第3481行] 采购订单号未匹配，已跳过
[进项 第3482行] 采购订单号未匹配，已跳过
[进项 第3483行] 采购订单号未匹配，已跳过
[进项 第3484行] 采购订单号未匹配，已跳过
[进项 第3485行] 采购订单号未匹配，已跳过
[进项 第3486行] 采购订单号未匹配，已跳过
[进项 第3487行] 采购订单号未匹配，已跳过
[进项 第3488行] 采购订单号未匹配，已跳过
[进项 第3489行] 采购订单号未匹配，已跳过
[进项 第3490行] 采购订单号未匹配，已跳过
[进项 第3491行] 采购订单号未匹配，已跳过
[进项 第3492行] 采购订单号未匹配，已跳过
[进项 第3493行] 采购订单号未匹配，已跳过
[进项 第3494行] 采购订单号未匹配，已跳过
[进项 第3495行] 采购订单号未匹配，已跳过
[进项 第3496行] 采购订单号未匹配，已跳过
[进项 第3497行] 采购订单号未匹配，已跳过
[进项 第3498行] 采购订单号未匹配，已跳过
[进项 第3499行] 采购订单号未匹配，已跳过
[进项 第3500行] 采购订单号未匹配，已跳过
[销售 第5820行] 客户或产品编码未匹配，已跳过
[销售 第5821行] 客户或产品编码未匹配，已跳过
[销售 第5822行] 客户或产品编码未匹配，已跳过
[入库 第172行] 采购单号未匹配，已跳过
[入库 第173行] 采购单号未匹配，已跳过
[入库 第216行] 采购单号未匹配，已跳过
[入库 第231行] 采购单号未匹配，已跳过
[入库 第264行] 采购单号未匹配，已跳过
[入库 第268行] 采购单号未匹配，已跳过
[入库 第301行] 采购单号未匹配，已跳过
[入库 第307行] 采购单号未匹配，已跳过
[入库 第338行] 采购单号未匹配，已跳过
[入库 第348行] 采购单号未匹配，已跳过
[入库 第351行] 采购单号未匹配，已跳过
[入库 第359行] 采购单号未匹配，已跳过
[入库 第382行] 采购单号未匹配，已跳过
[入库 第417行] 采购单号未匹配，已跳过
[入库 第424行] 采购单号未匹配，已跳过
[入库 第425行] 采购单号未匹配，已跳过
[入库 第444行] 采购单号未匹配，已跳过
[入库 第516行] 采购单号未匹配，已跳过
[入库 第530行] 采购单号未匹配，已跳过
[入库 第563行] 采购单号未匹配，已跳过
[入库 第564行] 采购单号未匹配，已跳过
[入库 第579行] 采购单号未匹配，已跳过
[入库 第624行] 采购单号未匹配，已跳过
[入库 第642行] 采购单号未匹配，已跳过
[入库 第800行] 采购单号未匹配，已跳过
[入库 第801行] 采购单号未匹配，已跳过
[入库 第802行] 采购单号未匹配，已跳过
[入库 第841行] 采购单号未匹配，已跳过
[入库 第862行] 采购单号未匹配，已跳过
[入库 第863行] 采购单号未匹配，已跳过
[入库 第871行] 采购单号未匹配，已跳过
[入库 第887行] 采购单号未匹配，已跳过
[入库 第972行] 采购单号未匹配，已跳过
[入库 第1019行] 采购单号未匹配，已跳过
[入库 第1020行] 采购单号未匹配，已跳过
[入库 第1021行] 采购单号未匹配，已跳过
[入库 第1055行] 采购单号未匹配，已跳过
[入库 第1071行] 采购单号未匹配，已跳过
[入库 第1079行] 采购单号未匹配，已跳过
[入库 第1094行] 采购单号未匹配，已跳过
[入库 第1098行] 采购单号未匹配，已跳过
[入库 第1111行] 采购单号未匹配，已跳过
[入库 第1292行] 采购单号未匹配，已跳过
[入库 第1326行] 采购单号未匹配，已跳过
[入库 第1442行] 采购单号未匹配，已跳过
[入库 第1443行] 采购单号未匹配，已跳过
[入库 第1449行] 采购单号未匹配，已跳过
[入库 第1452行] 采购单号未匹配，已跳过
[入库 第1453行] 采购单号未匹配，已跳过
[入库 第1459行] 采购单号未匹配，已跳过
[入库 第1484行] 采购单号未匹配，已跳过
[入库 第1507行] 采购单号未匹配，已跳过
[入库 第1508行] 采购单号未匹配，已跳过
[入库 第1542行] 采购单号未匹配，已跳过
[入库 第1543行] 采购单号未匹配，已跳过
[入库 第1566行] 采购单号未匹配，已跳过
[入库 第1599行] 采购单号未匹配，已跳过
[入库 第1600行] 采购单号未匹配，已跳过
[入库 第1601行] 采购单号未匹配，已跳过
[入库 第1651行] 采购单号未匹配，已跳过
[入库 第1674行] 采购单号未匹配，已跳过
[入库 第1675行] 采购单号未匹配，已跳过
[入库 第1713行] 采购单号未匹配，已跳过
[入库 第1714行] 采购单号未匹配，已跳过
[入库 第1715行] 采购单号未匹配，已跳过
[入库 第1716行] 采购单号未匹配，已跳过
[入库 第1759行] 采购单号未匹配，已跳过
[入库 第1765行] 采购单号未匹配，已跳过
[入库 第1768行] 采购单号未匹配，已跳过
[入库 第1792行] 采购单号未匹配，已跳过
[入库 第1809行] 采购单号未匹配，已跳过
[入库 第1869行] 采购单号未匹配，已跳过
[入库 第1892行] 采购单号未匹配，已跳过
[入库 第1893行] 采购单号未匹配，已跳过
[入库 第1902行] 采购单号未匹配，已跳过
[入库 第1930行] 采购单号未匹配，已跳过
[入库 第1931行] 采购单号未匹配，已跳过
[入库 第1932行] 采购单号未匹配，已跳过
[入库 第1933行] 采购单号未匹配，已跳过
[入库 第1980行] 采购单号未匹配，已跳过
[入库 第1981行] 采购单号未匹配，已跳过
[入库 第2051行] 采购单号未匹配，已跳过
[入库 第2171行] 采购单号未匹配，已跳过
[入库 第2201行] 采购单号未匹配，已跳过
[入库 第2213行] 采购单号未匹配，已跳过
[入库 第2353行] 采购单号未匹配，已跳过
[入库 第2404行] 采购单号未匹配，已跳过
[入库 第2424行] 采购单号未匹配，已跳过
[入库 第2447行] 采购单号未匹配，已跳过
[入库 第2458行] 采购单号未匹配，已跳过
[入库 第2461行] 采购单号未匹配，已跳过
[入库 第2476行] 采购单号未匹配，已跳过
[入库 第2512行] 采购单号未匹配，已跳过
[入库 第2518行] 采购单号未匹配，已跳过
[入库 第2519行] 采购单号未匹配，已跳过
[入库 第2520行] 采购单号未匹配，已跳过
[入库 第2521行] 采购单号未匹配，已跳过
[入库 第2522行] 采购单号未匹配，已跳过
[入库 第2523行] 采购单号未匹配，已跳过
[入库 第2581行] 采购单号未匹配，已跳过
[入库 第2582行] 采购单号未匹配，已跳过
[入库 第2603行] 采购单号未匹配，已跳过
[入库 第2637行] 采购单号未匹配，已跳过
[入库 第2647行] 采购单号未匹配，已跳过
[入库 第2678行] 采购单号未匹配，已跳过
[入库 第2746行] 采购单号未匹配，已跳过
[入库 第2752行] 采购单号未匹配，已跳过
[入库 第2778行] 采购单号未匹配，已跳过
[入库 第2816行] 采购单号未匹配，已跳过
[入库 第2848行] 采购单号未匹配，已跳过
[入库 第2885行] 采购单号未匹配，已跳过
[入库 第2952行] 采购单号未匹配，已跳过
[入库 第2975行] 采购单号未匹配，已跳过
[入库 第2982行] 采购单号未匹配，已跳过
[入库 第2987行] 采购单号未匹配，已跳过
[入库 第2988行] 采购单号未匹配，已跳过
[入库 第3057行] 采购单号未匹配，已跳过
[入库 第3058行] 采购单号未匹配，已跳过
[入库 第3059行] 采购单号未匹配，已跳过
[入库 第3060行] 采购单号未匹配，已跳过
[入库 第3061行] 采购单号未匹配，已跳过
[入库 第3062行] 采购单号未匹配，已跳过
[入库 第3063行] 采购单号未匹配，已跳过
[入库 第3064行] 采购单号未匹配，已跳过
[入库 第3065行] 采购单号未匹配，已跳过
[入库 第3066行] 采购单号未匹配，已跳过
[入库 第3067行] 采购单号未匹配，已跳过
[入库 第3068行] 采购单号未匹配，已跳过
[入库 第3069行] 采购单号未匹配，已跳过
[入库 第3070行] 采购单号未匹配，已跳过
[入库 第3071行] 采购单号未匹配，已跳过
[入库 第3072行] 采购单号未匹配，已跳过
[入库 第3073行] 采购单号未匹配，已跳过
[入库 第3074行] 采购单号未匹配，已跳过
[入库 第3075行] 采购单号未匹配，已跳过
[入库 第3076行] 采购单号未匹配，已跳过
[入库 第3077行] 采购单号未匹配，已跳过
[入库 第3078行] 采购单号未匹配，已跳过
[入库 第3079行] 采购单号未匹配，已跳过
[入库 第3080行] 采购单号未匹配，已跳过
[入库 第3081行] 采购单号未匹配，已跳过
[入库 第3082行] 采购单号未匹配，已跳过
[入库 第3083行] 采购单号未匹配，已跳过
[入库 第3084行] 采购单号未匹配，已跳过
[入库 第3085行] 采购单号未匹配，已跳过
[入库 第3086行] 采购单号未匹配，已跳过
[入库 第3087行] 采购单号未匹配，已跳过
[入库 第3088行] 采购单号未匹配，已跳过
[入库 第3089行] 采购单号未匹配，已跳过
[入库 第3090行] 采购单号未匹配，已跳过
[入库 第3091行] 采购单号未匹配，已跳过
[入库 第3092行] 采购单号未匹配，已跳过
[入库 第3093行] 采购单号未匹配，已跳过
[入库 第3094行] 采购单号未匹配，已跳过
[入库 第3095行] 采购单号未匹配，已跳过
[入库 第3096行] 采购单号未匹配，已跳过
[入库 第3097行] 采购单号未匹配，已跳过
[入库 第3098行] 采购单号未匹配，已跳过
[入库 第3099行] 采购单号未匹配，已跳过
[入库 第3100行] 采购单号未匹配，已跳过
[入库 第3101行] 采购单号未匹配，已跳过
[入库 第3102行] 采购单号未匹配，已跳过
[入库 第3103行] 采购单号未匹配，已跳过
[入库 第3104行] 采购单号未匹配，已跳过
[入库 第3105行] 采购单号未匹配，已跳过
[入库 第3106行] 采购单号未匹配，已跳过
[入库 第3107行] 采购单号未匹配，已跳过
[入库 第3108行] 采购单号未匹配，已跳过
[入库 第3109行] 采购单号未匹配，已跳过
[入库 第3110行] 采购单号未匹配，已跳过
[入库 第3111行] 采购单号未匹配，已跳过
[入库 第3112行] 采购单号未匹配，已跳过
[入库 第3113行] 采购单号未匹配，已跳过
[入库 第3114行] 采购单号未匹配，已跳过
[入库 第3115行] 采购单号未匹配，已跳过
[入库 第3116行] 采购单号未匹配，已跳过
[入库 第3117行] 采购单号未匹配，已跳过
[入库 第3118行] 采购单号未匹配，已跳过
[入库 第3119行] 采购单号未匹配，已跳过
[入库 第3120行] 采购单号未匹配，已跳过
[入库 第3121行] 采购单号未匹配，已跳过
[入库 第3122行] 采购单号未匹配，已跳过
[入库 第3123行] 采购单号未匹配，已跳过
[入库 第3124行] 采购单号未匹配，已跳过
[入库 第3125行] 采购单号未匹配，已跳过
[入库 第3126行] 采购单号未匹配，已跳过
[入库 第3127行] 采购单号未匹配，已跳过
[入库 第3128行] 采购单号未匹配，已跳过
[入库 第3129行] 采购单号未匹配，已跳过
[入库 第3130行] 采购单号未匹配，已跳过
[入库 第3131行] 采购单号未匹配，已跳过
[入库 第3132行] 采购单号未匹配，已跳过
[入库 第3133行] 采购单号未匹配，已跳过
[入库 第3134行] 采购单号未匹配，已跳过
[入库 第3135行] 采购单号未匹配，已跳过
[入库 第3136行] 采购单号未匹配，已跳过
[入库 第3137行] 采购单号未匹配，已跳过
[入库 第3138行] 采购单号未匹配，已跳过
[入库 第3139行] 采购单号未匹配，已跳过
[入库 第3140行] 采购单号未匹配，已跳过
[入库 第3141行] 采购单号未匹配，已跳过
[入库 第3142行] 采购单号未匹配，已跳过
[入库 第3143行] 采购单号未匹配，已跳过
[入库 第3144行] 采购单号未匹配，已跳过
[入库 第3145行] 采购单号未匹配，已跳过
[入库 第3146行] 采购单号未匹配，已跳过
[入库 第3147行] 采购单号未匹配，已跳过
[入库 第3148行] 采购单号未匹配，已跳过
[入库 第3149行] 采购单号未匹配，已跳过
[入库 第3150行] 采购单号未匹配，已跳过
[入库 第3151行] 采购单号未匹配，已跳过
[入库 第3152行] 采购单号未匹配，已跳过
[入库 第3153行] 采购单号未匹配，已跳过
[入库 第3154行] 采购单号未匹配，已跳过
[入库 第3155行] 采购单号未匹配，已跳过
[入库 第3156行] 采购单号未匹配，已跳过
[入库 第3157行] 采购单号未匹配，已跳过
[入库 第3158行] 采购单号未匹配，已跳过
[入库 第3159行] 采购单号未匹配，已跳过
[入库 第3160行] 采购单号未匹配，已跳过
[入库 第3161行] 采购单号未匹配，已跳过
[入库 第3162行] 采购单号未匹配，已跳过
[入库 第3163行] 采购单号未匹配，已跳过
[入库 第3164行] 采购单号未匹配，已跳过
[入库 第3165行] 采购单号未匹配，已跳过
[入库 第3166行] 采购单号未匹配，已跳过
[入库 第3167行] 采购单号未匹配，已跳过
[入库 第3168行] 采购单号未匹配，已跳过
[入库 第3169行] 采购单号未匹配，已跳过
[入库 第3170行] 采购单号未匹配，已跳过
[入库 第3171行] 采购单号未匹配，已跳过
[入库 第3172行] 采购单号未匹配，已跳过
[入库 第3173行] 采购单号未匹配，已跳过
[入库 第3174行] 采购单号未匹配，已跳过
[入库 第3175行] 采购单号未匹配，已跳过
[入库 第3176行] 采购单号未匹配，已跳过
[入库 第3177行] 采购单号未匹配，已跳过
[入库 第3178行] 采购单号未匹配，已跳过
[入库 第3179行] 采购单号未匹配，已跳过
[入库 第3180行] 采购单号未匹配，已跳过
[入库 第3181行] 采购单号未匹配，已跳过
[入库 第3182行] 采购单号未匹配，已跳过
[入库 第3183行] 采购单号未匹配，已跳过
[入库 第3184行] 采购单号未匹配，已跳过
[入库 第3185行] 采购单号未匹配，已跳过
[入库 第3186行] 采购单号未匹配，已跳过
[入库 第3187行] 采购单号未匹配，已跳过
[入库 第3188行] 采购单号未匹配，已跳过
[入库 第3189行] 采购单号未匹配，已跳过
[入库 第3190行] 采购单号未匹配，已跳过
[入库 第3191行] 采购单号未匹配，已跳过
[入库 第3192行] 采购单号未匹配，已跳过
[入库 第3193行] 采购单号未匹配，已跳过
[入库 第3194行] 采购单号未匹配，已跳过
[入库 第3195行] 采购单号未匹配，已跳过
[入库 第3196行] 采购单号未匹配，已跳过
[入库 第3197行] 采购单号未匹配，已跳过
[入库 第3198行] 采购单号未匹配，已跳过
[入库 第3199行] 采购单号未匹配，已跳过
[入库 第3200行] 采购单号未匹配，已跳过
[入库 第3201行] 采购单号未匹配，已跳过
[入库 第3202行] 采购单号未匹配，已跳过
[入库 第3203行] 采购单号未匹配，已跳过
[入库 第3204行] 采购单号未匹配，已跳过
[入库 第3205行] 采购单号未匹配，已跳过
[入库 第3206行] 采购单号未匹配，已跳过
[入库 第3207行] 采购单号未匹配，已跳过
[入库 第3208行] 采购单号未匹配，已跳过
[入库 第3209行] 采购单号未匹配，已跳过
[入库 第3210行] 采购单号未匹配，已跳过
[入库 第3211行] 采购单号未匹配，已跳过
[入库 第3212行] 采购单号未匹配，已跳过
[入库 第3213行] 采购单号未匹配，已跳过
[入库 第3214行] 采购单号未匹配，已跳过
[入库 第3215行] 采购单号未匹配，已跳过
[入库 第3216行] 采购单号未匹配，已跳过
[入库 第3217行] 采购单号未匹配，已跳过
[入库 第3218行] 采购单号未匹配，已跳过
[入库 第3219行] 采购单号未匹配，已跳过
[入库 第3220行] 采购单号未匹配，已跳过
[入库 第3221行] 采购单号未匹配，已跳过
[入库 第3222行] 采购单号未匹配，已跳过
[入库 第3223行] 采购单号未匹配，已跳过
[入库 第3224行] 采购单号未匹配，已跳过
[入库 第3225行] 采购单号未匹配，已跳过
[入库 第3226行] 采购单号未匹配，已跳过
[入库 第3227行] 采购单号未匹配，已跳过
[入库 第3228行] 采购单号未匹配，已跳过
[入库 第3229行] 采购单号未匹配，已跳过
[入库 第3230行] 采购单号未匹配，已跳过
[入库 第3231行] 采购单号未匹配，已跳过
[入库 第3232行] 采购单号未匹配，已跳过
[入库 第3233行] 采购单号未匹配，已跳过
[入库 第3234行] 采购单号未匹配，已跳过
[入库 第3235行] 采购单号未匹配，已跳过
[入库 第3236行] 采购单号未匹配，已跳过
[入库 第3237行] 采购单号未匹配，已跳过
[入库 第3238行] 采购单号未匹配，已跳过
[入库 第3239行] 采购单号未匹配，已跳过
[入库 第3240行] 采购单号未匹配，已跳过
[入库 第3241行] 采购单号未匹配，已跳过
[入库 第3242行] 采购单号未匹配，已跳过
[入库 第3243行] 采购单号未匹配，已跳过
[入库 第3244行] 采购单号未匹配，已跳过
[入库 第3245行] 采购单号未匹配，已跳过
[入库 第3246行] 采购单号未匹配，已跳过
[入库 第3247行] 采购单号未匹配，已跳过
[入库 第3248行] 采购单号未匹配，已跳过
[入库 第3249行] 采购单号未匹配，已跳过
[入库 第3250行] 采购单号未匹配，已跳过
[入库 第3251行] 采购单号未匹配，已跳过
[入库 第3252行] 采购单号未匹配，已跳过
[入库 第3253行] 采购单号未匹配，已跳过
[入库 第3254行] 采购单号未匹配，已跳过
[入库 第3255行] 采购单号未匹配，已跳过
[入库 第3256行] 采购单号未匹配，已跳过
[入库 第3257行] 采购单号未匹配，已跳过
[入库 第3258行] 采购单号未匹配，已跳过
[入库 第3259行] 采购单号未匹配，已跳过
[入库 第3260行] 采购单号未匹配，已跳过
[入库 第3261行] 采购单号未匹配，已跳过
[入库 第3262行] 采购单号未匹配，已跳过
[入库 第3263行] 采购单号未匹配，已跳过
[入库 第3264行] 采购单号未匹配，已跳过
[入库 第3265行] 采购单号未匹配，已跳过
[入库 第3266行] 采购单号未匹配，已跳过
[入库 第3267行] 采购单号未匹配，已跳过
[入库 第3268行] 采购单号未匹配，已跳过
[入库 第3269行] 采购单号未匹配，已跳过
[入库 第3270行] 采购单号未匹配，已跳过
[入库 第3271行] 采购单号未匹配，已跳过
[入库 第3272行] 采购单号未匹配，已跳过
[入库 第3273行] 采购单号未匹配，已跳过
[入库 第3274行] 采购单号未匹配，已跳过
[入库 第3275行] 采购单号未匹配，已跳过
[入库 第3276行] 采购单号未匹配，已跳过
[入库 第3277行] 采购单号未匹配，已跳过
[入库 第3278行] 采购单号未匹配，已跳过
[入库 第3279行] 采购单号未匹配，已跳过
[入库 第3280行] 采购单号未匹配，已跳过
[入库 第3281行] 采购单号未匹配，已跳过
[入库 第3282行] 采购单号未匹配，已跳过
[入库 第3283行] 采购单号未匹配，已跳过
[入库 第3284行] 采购单号未匹配，已跳过
[入库 第3285行] 采购单号未匹配，已跳过
[入库 第3286行] 采购单号未匹配，已跳过
[入库 第3287行] 采购单号未匹配，已跳过
[入库 第3288行] 采购单号未匹配，已跳过
[入库 第3289行] 采购单号未匹配，已跳过
[入库 第3290行] 采购单号未匹配，已跳过
[入库 第3291行] 采购单号未匹配，已跳过
[入库 第3292行] 采购单号未匹配，已跳过
[入库 第3293行] 采购单号未匹配，已跳过
[入库 第3294行] 采购单号未匹配，已跳过
[入库 第3295行] 采购单号未匹配，已跳过
[入库 第3296行] 采购单号未匹配，已跳过
[入库 第3297行] 采购单号未匹配，已跳过
[入库 第3298行] 采购单号未匹配，已跳过
[入库 第3299行] 采购单号未匹配，已跳过
[入库 第3300行] 采购单号未匹配，已跳过
[入库 第3301行] 采购单号未匹配，已跳过
[入库 第3302行] 采购单号未匹配，已跳过
[入库 第3303行] 采购单号未匹配，已跳过
[入库 第3304行] 采购单号未匹配，已跳过
[入库 第3305行] 采购单号未匹配，已跳过
[入库 第3306行] 采购单号未匹配，已跳过
[入库 第3307行] 采购单号未匹配，已跳过
[入库 第3308行] 采购单号未匹配，已跳过
[入库 第3309行] 采购单号未匹配，已跳过
[入库 第3310行] 采购单号未匹配，已跳过
[入库 第3311行] 采购单号未匹配，已跳过
[入库 第3312行] 采购单号未匹配，已跳过
[入库 第3313行] 采购单号未匹配，已跳过
[入库 第3314行] 采购单号未匹配，已跳过
[入库 第3315行] 采购单号未匹配，已跳过
[入库 第3316行] 采购单号未匹配，已跳过
[入库 第3317行] 采购单号未匹配，已跳过
[入库 第3318行] 采购单号未匹配，已跳过
[入库 第3319行] 采购单号未匹配，已跳过
[入库 第3320行] 采购单号未匹配，已跳过
[入库 第3321行] 采购单号未匹配，已跳过
[入库 第3322行] 采购单号未匹配，已跳过
[入库 第3323行] 采购单号未匹配，已跳过
[入库 第3324行] 采购单号未匹配，已跳过
[入库 第3325行] 采购单号未匹配，已跳过
[入库 第3326行] 采购单号未匹配，已跳过
[入库 第3327行] 采购单号未匹配，已跳过
[入库 第3328行] 采购单号未匹配，已跳过
[入库 第3329行] 采购单号未匹配，已跳过
[入库 第3330行] 采购单号未匹配，已跳过
[入库 第3331行] 采购单号未匹配，已跳过
[入库 第3332行] 采购单号未匹配，已跳过
[入库 第3333行] 采购单号未匹配，已跳过
[入库 第3334行] 采购单号未匹配，已跳过
[入库 第3335行] 采购单号未匹配，已跳过
[入库 第3336行] 采购单号未匹配，已跳过
[入库 第3337行] 采购单号未匹配，已跳过
[入库 第3338行] 采购单号未匹配，已跳过
[入库 第3339行] 采购单号未匹配，已跳过
[入库 第3340行] 采购单号未匹配，已跳过
[入库 第3341行] 采购单号未匹配，已跳过
[入库 第3342行] 采购单号未匹配，已跳过
[入库 第3343行] 采购单号未匹配，已跳过
[入库 第3344行] 采购单号未匹配，已跳过
[入库 第3345行] 采购单号未匹配，已跳过
[入库 第3346行] 采购单号未匹配，已跳过
[入库 第3347行] 采购单号未匹配，已跳过
[入库 第3348行] 采购单号未匹配，已跳过
[入库 第3349行] 采购单号未匹配，已跳过
[入库 第3350行] 采购单号未匹配，已跳过
[入库 第3351行] 采购单号未匹配，已跳过
[入库 第3352行] 采购单号未匹配，已跳过
[入库 第3353行] 采购单号未匹配，已跳过
[入库 第3354行] 采购单号未匹配，已跳过
[入库 第3355行] 采购单号未匹配，已跳过
[入库 第3356行] 采购单号未匹配，已跳过
[入库 第3357行] 采购单号未匹配，已跳过
[入库 第3358行] 采购单号未匹配，已跳过
[入库 第3359行] 采购单号未匹配，已跳过
[入库 第3360行] 采购单号未匹配，已跳过
[入库 第3361行] 采购单号未匹配，已跳过
[入库 第3362行] 采购单号未匹配，已跳过
[入库 第3363行] 采购单号未匹配，已跳过
[入库 第3364行] 采购单号未匹配，已跳过
[入库 第3365行] 采购单号未匹配，已跳过
[入库 第3366行] 采购单号未匹配，已跳过
[入库 第3367行] 采购单号未匹配，已跳过
[入库 第3368行] 采购单号未匹配，已跳过
[入库 第3369行] 采购单号未匹配，已跳过
[入库 第3370行] 采购单号未匹配，已跳过
[入库 第3371行] 采购单号未匹配，已跳过
[入库 第3372行] 采购单号未匹配，已跳过
[入库 第3373行] 采购单号未匹配，已跳过
[入库 第3374行] 采购单号未匹配，已跳过
[入库 第3375行] 采购单号未匹配，已跳过
[入库 第3376行] 采购单号未匹配，已跳过
[入库 第3377行] 采购单号未匹配，已跳过
[入库 第3378行] 采购单号未匹配，已跳过
[入库 第3379行] 采购单号未匹配，已跳过
[入库 第3380行] 采购单号未匹配，已跳过
[入库 第3381行] 采购单号未匹配，已跳过
[入库 第3382行] 采购单号未匹配，已跳过
[入库 第3383行] 采购单号未匹配，已跳过
[入库 第3384行] 采购单号未匹配，已跳过
[入库 第3385行] 采购单号未匹配，已跳过
[入库 第3386行] 采购单号未匹配，已跳过
[入库 第3387行] 采购单号未匹配，已跳过
[入库 第3388行] 采购单号未匹配，已跳过
[入库 第3389行] 采购单号未匹配，已跳过
[入库 第3390行] 采购单号未匹配，已跳过
[入库 第3391行] 采购单号未匹配，已跳过
[入库 第3392行] 采购单号未匹配，已跳过
[入库 第3393行] 采购单号未匹配，已跳过
[入库 第3394行] 采购单号未匹配，已跳过
[入库 第3395行] 采购单号未匹配，已跳过
[入库 第3396行] 采购单号未匹配，已跳过
[入库 第3397行] 采购单号未匹配，已跳过
[入库 第3398行] 采购单号未匹配，已跳过
[入库 第3399行] 采购单号未匹配，已跳过
[入库 第3400行] 采购单号未匹配，已跳过
[入库 第3401行] 采购单号未匹配，已跳过
[入库 第3402行] 采购单号未匹配，已跳过
[入库 第3403行] 采购单号未匹配，已跳过
[入库 第3404行] 采购单号未匹配，已跳过
[入库 第3405行] 采购单号未匹配，已跳过
[入库 第3406行] 采购单号未匹配，已跳过
[入库 第3407行] 采购单号未匹配，已跳过
[入库 第3408行] 采购单号未匹配，已跳过
[入库 第3409行] 采购单号未匹配，已跳过
[入库 第3410行] 采购单号未匹配，已跳过
[入库 第3411行] 采购单号未匹配，已跳过
[入库 第3412行] 采购单号未匹配，已跳过
[入库 第3413行] 采购单号未匹配，已跳过
[入库 第3414行] 采购单号未匹配，已跳过
[入库 第3415行] 采购单号未匹配，已跳过
[入库 第3416行] 采购单号未匹配，已跳过
[入库 第3417行] 采购单号未匹配，已跳过
[入库 第3418行] 采购单号未匹配，已跳过
[入库 第3419行] 采购单号未匹配，已跳过
[入库 第3420行] 采购单号未匹配，已跳过
[入库 第3421行] 采购单号未匹配，已跳过
[入库 第3422行] 采购单号未匹配，已跳过
[入库 第3423行] 采购单号未匹配，已跳过
[入库 第3424行] 采购单号未匹配，已跳过
[入库 第3425行] 采购单号未匹配，已跳过
[入库 第3426行] 采购单号未匹配，已跳过
[入库 第3427行] 采购单号未匹配，已跳过
[入库 第3428行] 采购单号未匹配，已跳过
[入库 第3429行] 采购单号未匹配，已跳过
[入库 第3430行] 采购单号未匹配，已跳过
[入库 第3431行] 采购单号未匹配，已跳过
[入库 第3432行] 采购单号未匹配，已跳过
[入库 第3433行] 采购单号未匹配，已跳过
[入库 第3434行] 采购单号未匹配，已跳过
[入库 第3435行] 采购单号未匹配，已跳过
[入库 第3436行] 采购单号未匹配，已跳过
[入库 第3437行] 采购单号未匹配，已跳过
[入库 第3438行] 采购单号未匹配，已跳过
[入库 第3439行] 采购单号未匹配，已跳过
[入库 第3440行] 采购单号未匹配，已跳过
[入库 第3441行] 采购单号未匹配，已跳过
[入库 第3442行] 采购单号未匹配，已跳过
[入库 第3443行] 采购单号未匹配，已跳过
[入库 第3444行] 采购单号未匹配，已跳过
[入库 第3445行] 采购单号未匹配，已跳过
[入库 第3446行] 采购单号未匹配，已跳过
[入库 第3447行] 采购单号未匹配，已跳过
[入库 第3448行] 采购单号未匹配，已跳过
[入库 第3449行] 采购单号未匹配，已跳过
[入库 第3450行] 采购单号未匹配，已跳过
[入库 第3451行] 采购单号未匹配，已跳过
[入库 第3452行] 采购单号未匹配，已跳过
[入库 第3453行] 采购单号未匹配，已跳过
[入库 第3454行] 采购单号未匹配，已跳过
[入库 第3455行] 采购单号未匹配，已跳过
[入库 第3456行] 采购单号未匹配，已跳过
[入库 第3457行] 采购单号未匹配，已跳过
[入库 第3458行] 采购单号未匹配，已跳过
[入库 第3459行] 采购单号未匹配，已跳过
[入库 第3460行] 采购单号未匹配，已跳过
[入库 第3461行] 采购单号未匹配，已跳过
[入库 第3462行] 采购单号未匹配，已跳过
[入库 第3463行] 采购单号未匹配，已跳过
[入库 第3464行] 采购单号未匹配，已跳过
[入库 第3465行] 采购单号未匹配，已跳过
[入库 第3466行] 采购单号未匹配，已跳过
[入库 第3467行] 采购单号未匹配，已跳过
[入库 第3468行] 采购单号未匹配，已跳过
[入库 第3469行] 采购单号未匹配，已跳过
[入库 第3470行] 采购单号未匹配，已跳过
[入库 第3471行] 采购单号未匹配，已跳过
[入库 第3472行] 采购单号未匹配，已跳过
[入库 第3473行] 采购单号未匹配，已跳过
[入库 第3474行] 采购单号未匹配，已跳过
[入库 第3475行] 采购单号未匹配，已跳过
[入库 第3476行] 采购单号未匹配，已跳过
[入库 第3477行] 采购单号未匹配，已跳过
[入库 第3478行] 采购单号未匹配，已跳过
[入库 第3479行] 采购单号未匹配，已跳过
[入库 第3480行] 采购单号未匹配，已跳过
[入库 第3481行] 采购单号未匹配，已跳过
[入库 第3482行] 采购单号未匹配，已跳过
[入库 第3483行] 采购单号未匹配，已跳过
[入库 第3484行] 采购单号未匹配，已跳过
[入库 第3485行] 采购单号未匹配，已跳过
[入库 第3486行] 采购单号未匹配，已跳过
[入库 第3487行] 采购单号未匹配，已跳过
[入库 第3488行] 采购单号未匹配，已跳过
[入库 第3489行] 采购单号未匹配，已跳过
[入库 第3490行] 采购单号未匹配，已跳过
[入库 第3491行] 采购单号未匹配，已跳过
[入库 第3492行] 采购单号未匹配，已跳过
[入库 第3493行] 采购单号未匹配，已跳过
[入库 第3494行] 采购单号未匹配，已跳过
[入库 第3495行] 采购单号未匹配，已跳过
[入库 第3496行] 采购单号未匹配，已跳过
[入库 第3497行] 采购单号未匹配，已跳过
[入库 第3498行] 采购单号未匹配，已跳过
[入库 第3499行] 采购单号未匹配，已跳过
[入库 第3500行] 采购单号未匹配，已跳过
[出库 第5820行] 客户或产品名称未匹配，已跳过
[出库 第5821行] 客户或产品名称未匹配，已跳过
[出库 第5822行] 客户或产品名称未匹配，已跳过
[出库 第5823行] 客户或产品名称未匹配，已跳过
[出库 第5824行] 客户或产品名称未匹配，已跳过
[出库 第5825行] 客户或产品名称未匹配，已跳过
[出库 第5826行] 客户或产品名称未匹配，已跳过
[出库 第5827行] 客户或产品名称未匹配，已跳过
[出库 第5828行] 客户或产品名称未匹配，已跳过
[出库 第5829行] 客户或产品名称未匹配，已跳过
[出库 第5830行] 客户或产品名称未匹配，已跳过
[出库 第5831行] 客户或产品名称未匹配，已跳过
[出库 第5832行] 客户或产品名称未匹配，已跳过
[出库 第5833行] 客户或产品名称未匹配，已跳过
[出库 第5834行] 客户或产品名称未匹配，已跳过
[出库 第5835行] 客户或产品名称未匹配，已跳过
[出库 第5836行] 客户或产品名称未匹配，已跳过
[出库 第5837行] 客户或产品名称未匹配，已跳过
[出库 第5838行] 客户或产品名称未匹配，已跳过
[出库 第5839行] 客户或产品名称未匹配，已跳过
[出库 第5840行] 客户或产品名称未匹配，已跳过
[出库 第5841行] 客户或产品名称未匹配，已跳过
[出库 第5842行] 客户或产品名称未匹配，已跳过
[出库 第5843行] 客户或产品名称未匹配，已跳过
[出库 第5844行] 客户或产品名称未匹配，已跳过
[出库 第5845行] 客户或产品名称未匹配，已跳过
[出库 第5846行] 客户或产品名称未匹配，已跳过
[出库 第5847行] 客户或产品名称未匹配，已跳过
[出库 第5848行] 客户或产品名称未匹配，已跳过
[出库 第5849行] 客户或产品名称未匹配，已跳过
[出库 第5850行] 客户或产品名称未匹配，已跳过
[出库 第5851行] 客户或产品名称未匹配，已跳过
[出库 第5852行] 客户或产品名称未匹配，已跳过
[出库 第5853行] 客户或产品名称未匹配，已跳过
[出库 第5854行] 客户或产品名称未匹配，已跳过
[出库 第5855行] 客户或产品名称未匹配，已跳过
[出库 第5856行] 客户或产品名称未匹配，已跳过
[出库 第5857行] 客户或产品名称未匹配，已跳过
[出库 第5858行] 客户或产品名称未匹配，已跳过
[出库 第5859行] 客户或产品名称未匹配，已跳过
[出库 第5860行] 客户或产品名称未匹配，已跳过
[出库 第5861行] 客户或产品名称未匹配，已跳过
[出库 第5862行] 客户或产品名称未匹配，已跳过
[出库 第5863行] 客户或产品名称未匹配，已跳过
[出库 第5864行] 客户或产品名称未匹配，已跳过
[出库 第5865行] 客户或产品名称未匹配，已跳过
[出库 第5866行] 客户或产品名称未匹配，已跳过
[出库 第5867行] 客户或产品名称未匹配，已跳过
[出库 第5868行] 客户或产品名称未匹配，已跳过
[出库 第5869行] 客户或产品名称未匹配，已跳过
[出库 第5870行] 客户或产品名称未匹配，已跳过
[出库 第5871行] 客户或产品名称未匹配，已跳过
[出库 第5872行] 客户或产品名称未匹配，已跳过
[出库 第5873行] 客户或产品名称未匹配，已跳过
[出库 第5874行] 客户或产品名称未匹配，已跳过
[出库 第5875行] 客户或产品名称未匹配，已跳过
[出库 第5876行] 客户或产品名称未匹配，已跳过
[出库 第5877行] 客户或产品名称未匹配，已跳过
[出库 第5878行] 客户或产品名称未匹配，已跳过
[出库 第5879行] 客户或产品名称未匹配，已跳过
[出库 第5880行] 客户或产品名称未匹配，已跳过
[出库 第5881行] 客户或产品名称未匹配，已跳过
[出库 第5882行] 客户或产品名称未匹配，已跳过
[出库 第5883行] 客户或产品名称未匹配，已跳过
[出库 第5884行] 客户或产品名称未匹配，已跳过
[出库 第5885行] 客户或产品名称未匹配，已跳过
[出库 第5886行] 客户或产品名称未匹配，已跳过
[出库 第5887行] 客户或产品名称未匹配，已跳过
[出库 第5888行] 客户或产品名称未匹配，已跳过
[出库 第5889行] 客户或产品名称未匹配，已跳过
[出库 第5890行] 客户或产品名称未匹配，已跳过
[出库 第5891行] 客户或产品名称未匹配，已跳过
[出库 第5892行] 客户或产品名称未匹配，已跳过
[出库 第5893行] 客户或产品名称未匹配，已跳过
[出库 第5894行] 客户或产品名称未匹配，已跳过
[出库 第5895行] 客户或产品名称未匹配，已跳过
[出库 第5896行] 客户或产品名称未匹配，已跳过
[出库 第5897行] 客户或产品名称未匹配，已跳过
[出库 第5898行] 客户或产品名称未匹配，已跳过
[出库 第5899行] 客户或产品名称未匹配，已跳过
[出库 第5900行] 客户或产品名称未匹配，已跳过
[出库 第5901行] 客户或产品名称未匹配，已跳过
[出库 第5902行] 客户或产品名称未匹配，已跳过
[出库 第5903行] 客户或产品名称未匹配，已跳过
[出库 第5904行] 客户或产品名称未匹配，已跳过
[出库 第5905行] 客户或产品名称未匹配，已跳过
[出库 第5906行] 客户或产品名称未匹配，已跳过
[出库 第5907行] 客户或产品名称未匹配，已跳过
[出库 第5908行] 客户或产品名称未匹配，已跳过
[出库 第5909行] 客户或产品名称未匹配，已跳过
[出库 第5910行] 客户或产品名称未匹配，已跳过
[出库 第5911行] 客户或产品名称未匹配，已跳过
[出库 第5912行] 客户或产品名称未匹配，已跳过
[出库 第5913行] 客户或产品名称未匹配，已跳过
[出库 第5914行] 客户或产品名称未匹配，已跳过
[出库 第5915行] 客户或产品名称未匹配，已跳过
[出库 第5916行] 客户或产品名称未匹配，已跳过
[出库 第5917行] 客户或产品名称未匹配，已跳过
[出库 第5918行] 客户或产品名称未匹配，已跳过
[出库 第5919行] 客户或产品名称未匹配，已跳过
[出库 第5920行] 客户或产品名称未匹配，已跳过
[出库 第5921行] 客户或产品名称未匹配，已跳过
[出库 第5922行] 客户或产品名称未匹配，已跳过
[出库 第5923行] 客户或产品名称未匹配，已跳过
[出库 第5924行] 客户或产品名称未匹配，已跳过
[出库 第5925行] 客户或产品名称未匹配，已跳过
[出库 第5926行] 客户或产品名称未匹配，已跳过
[出库 第5927行] 客户或产品名称未匹配，已跳过
[出库 第5928行] 客户或产品名称未匹配，已跳过
[出库 第5929行] 客户或产品名称未匹配，已跳过
[出库 第5930行] 客户或产品名称未匹配，已跳过
[出库 第5931行] 客户或产品名称未匹配，已跳过
[出库 第5932行] 客户或产品名称未匹配，已跳过
[出库 第5933行] 客户或产品名称未匹配，已跳过
[出库 第5934行] 客户或产品名称未匹配，已跳过
[出库 第5935行] 客户或产品名称未匹配，已跳过
[出库 第5936行] 客户或产品名称未匹配，已跳过
[出库 第5937行] 客户或产品名称未匹配，已跳过
[出库 第5938行] 客户或产品名称未匹配，已跳过
[出库 第5939行] 客户或产品名称未匹配，已跳过
[出库 第5940行] 客户或产品名称未匹配，已跳过
[出库 第5941行] 客户或产品名称未匹配，已跳过
[出库 第5942行] 客户或产品名称未匹配，已跳过
[出库 第5943行] 客户或产品名称未匹配，已跳过
[出库 第5944行] 客户或产品名称未匹配，已跳过
[出库 第5945行] 客户或产品名称未匹配，已跳过
[出库 第5946行] 客户或产品名称未匹配，已跳过
[出库 第5947行] 客户或产品名称未匹配，已跳过
[出库 第5948行] 客户或产品名称未匹配，已跳过
[出库 第5949行] 客户或产品名称未匹配，已跳过
[出库 第5950行] 客户或产品名称未匹配，已跳过
[出库 第5951行] 客户或产品名称未匹配，已跳过
[出库 第5952行] 客户或产品名称未匹配，已跳过
[出库 第5953行] 客户或产品名称未匹配，已跳过
[出库 第5954行] 客户或产品名称未匹配，已跳过
[出库 第5955行] 客户或产品名称未匹配，已跳过
[出库 第5956行] 客户或产品名称未匹配，已跳过
[出库 第5957行] 客户或产品名称未匹配，已跳过
[出库 第5958行] 客户或产品名称未匹配，已跳过
[出库 第5959行] 客户或产品名称未匹配，已跳过
[出库 第5960行] 客户或产品名称未匹配，已跳过
[出库 第5961行] 客户或产品名称未匹配，已跳过
[出库 第5962行] 客户或产品名称未匹配，已跳过
[出库 第5963行] 客户或产品名称未匹配，已跳过
[出库 第5964行] 客户或产品名称未匹配，已跳过
[出库 第5965行] 客户或产品名称未匹配，已跳过
[出库 第5966行] 客户或产品名称未匹配，已跳过
[出库 第5967行] 客户或产品名称未匹配，已跳过
[出库 第5968行] 客户或产品名称未匹配，已跳过
[出库 第5969行] 客户或产品名称未匹配，已跳过
[出库 第5970行] 客户或产品名称未匹配，已跳过
[出库 第5971行] 客户或产品名称未匹配，已跳过
[出库 第5972行] 客户或产品名称未匹配，已跳过
[出库 第5973行] 客户或产品名称未匹配，已跳过
[出库 第5974行] 客户或产品名称未匹配，已跳过
[出库 第5975行] 客户或产品名称未匹配，已跳过
[出库 第5976行] 客户或产品名称未匹配，已跳过
[出库 第5977行] 客户或产品名称未匹配，已跳过
[出库 第5978行] 客户或产品名称未匹配，已跳过
[出库 第5979行] 客户或产品名称未匹配，已跳过
[出库 第5980行] 客户或产品名称未匹配，已跳过
[出库 第5981行] 客户或产品名称未匹配，已跳过
[出库 第5982行] 客户或产品名称未匹配，已跳过
[出库 第5983行] 客户或产品名称未匹配，已跳过
[出库 第5984行] 客户或产品名称未匹配，已跳过
[出库 第5985行] 客户或产品名称未匹配，已跳过
[出库 第5986行] 客户或产品名称未匹配，已跳过
[出库 第5987行] 客户或产品名称未匹配，已跳过
[出库 第5988行] 客户或产品名称未匹配，已跳过
[出库 第5989行] 客户或产品名称未匹配，已跳过
[出库 第5990行] 客户或产品名称未匹配，已跳过
[出库 第5991行] 客户或产品名称未匹配，已跳过
[出库 第5992行] 客户或产品名称未匹配，已跳过
[出库 第5993行] 客户或产品名称未匹配，已跳过
[出库 第5994行] 客户或产品名称未匹配，已跳过
[出库 第5995行] 客户或产品名称未匹配，已跳过
[出库 第5996行] 客户或产品名称未匹配，已跳过
[出库 第5997行] 客户或产品名称未匹配，已跳过
[出库 第5998行] 客户或产品名称未匹配，已跳过
[出库 第5999行] 客户或产品名称未匹配，已跳过
[出库 第6000行] 客户或产品名称未匹配，已跳过
