[采购 第3057行] 产品编码未匹配，已跳过
[采购 第3058行] 产品编码未匹配，已跳过
[采购 第3059行] 产品编码未匹配，已跳过
[采购 第3060行] 产品编码未匹配，已跳过
[采购 第3061行] 产品编码未匹配，已跳过
[采购 第3062行] 产品编码未匹配，已跳过
[采购 第3063行] 产品编码未匹配，已跳过
[采购 第3064行] 产品编码未匹配，已跳过
[采购 第3065行] 产品编码未匹配，已跳过
[采购 第3066行] 产品编码未匹配，已跳过
[采购 第3067行] 产品编码未匹配，已跳过
[采购 第3068行] 产品编码未匹配，已跳过
[采购 第3069行] 产品编码未匹配，已跳过
[采购 第3070行] 产品编码未匹配，已跳过
[采购 第3071行] 产品编码未匹配，已跳过
[进项 第59行] 采购订单号为空，已跳过
[进项 第60行] 采购订单号为空，已跳过
[进项 第61行] 采购订单号未匹配，已跳过
[进项 第149行] 采购订单号未匹配，已跳过
[进项 第173行] 采购订单号为空，已跳过
[进项 第174行] 采购订单号未匹配，已跳过
[进项 第221行] 采购订单号为空，已跳过
[进项 第222行] 采购订单号为空，已跳过
[进项 第229行] 采购订单号为空，已跳过
[进项 第239行] 采购订单号为空，已跳过
[进项 第399行] 采购订单号为空，已跳过
[进项 第400行] 采购订单号未匹配，已跳过
[进项 第459行] 采购订单号为空，已跳过
[进项 第460行] 采购订单号为空，已跳过
[进项 第461行] 采购订单号为空，已跳过
[进项 第688行] 采购订单号未匹配，已跳过
[进项 第729行] 采购订单号为空，已跳过
[进项 第730行] 采购订单号为空，已跳过
[进项 第731行] 采购订单号未匹配，已跳过
[进项 第748行] 采购订单号为空，已跳过
[进项 第749行] 采购订单号未匹配，已跳过
[进项 第935行] 采购订单号为空，已跳过
[进项 第936行] 采购订单号为空，已跳过
[进项 第958行] 采购订单号为空，已跳过
[进项 第1036行] 采购订单号为空，已跳过
[进项 第1037行] 采购订单号未匹配，已跳过
[进项 第1091行] 采购订单号为空，已跳过
[进项 第1156行] 采购订单号为空，已跳过
[进项 第1283行] 采购订单号为空，已跳过
[进项 第1284行] 采购订单号为空，已跳过
[进项 第1285行] 采购订单号未匹配，已跳过
[进项 第1529行] 采购订单号未匹配，已跳过
[进项 第1587行] 采购订单号未匹配，已跳过
[进项 第1911行] 采购订单号为空，已跳过
[进项 第1912行] 采购订单号未匹配，已跳过
[进项 第2176行] 采购订单号为空，已跳过
[进项 第2177行] 采购订单号未匹配，已跳过
[进项 第2257行] 采购订单号为空，已跳过
[进项 第2268行] 采购订单号为空，已跳过
[进项 第2296行] 采购订单号为空，已跳过
[进项 第2297行] 采购订单号为空，已跳过
[进项 第2298行] 采购订单号为空，已跳过
[进项 第2299行] 采购订单号为空，已跳过
[进项 第2300行] 采购订单号为空，已跳过
[进项 第2301行] 采购订单号为空，已跳过
[进项 第2302行] 采购订单号为空，已跳过
[进项 第2303行] 采购订单号为空，已跳过
[进项 第2304行] 采购订单号为空，已跳过
[进项 第2305行] 采购订单号为空，已跳过
[进项 第2306行] 采购订单号为空，已跳过
[进项 第2307行] 采购订单号为空，已跳过
[进项 第2308行] 采购订单号为空，已跳过
[进项 第2309行] 采购订单号为空，已跳过
[进项 第2310行] 采购订单号为空，已跳过
[进项 第2311行] 采购订单号为空，已跳过
[进项 第2312行] 采购订单号为空，已跳过
[进项 第2313行] 采购订单号为空，已跳过
[进项 第2314行] 采购订单号为空，已跳过
[进项 第2315行] 采购订单号为空，已跳过
[进项 第2316行] 采购订单号为空，已跳过
[进项 第2317行] 采购订单号为空，已跳过
[进项 第2318行] 采购订单号为空，已跳过
[进项 第2319行] 采购订单号为空，已跳过
[进项 第2320行] 采购订单号为空，已跳过
[进项 第2321行] 采购订单号为空，已跳过
[进项 第2322行] 采购订单号为空，已跳过
[进项 第2323行] 采购订单号为空，已跳过
[进项 第2324行] 采购订单号为空，已跳过
[进项 第2325行] 采购订单号为空，已跳过
[进项 第2326行] 采购订单号为空，已跳过
[进项 第2327行] 采购订单号为空，已跳过
[进项 第2328行] 采购订单号为空，已跳过
[进项 第2329行] 采购订单号为空，已跳过
[进项 第2330行] 采购订单号为空，已跳过
[进项 第2331行] 采购订单号为空，已跳过
[进项 第2332行] 采购订单号为空，已跳过
[进项 第2333行] 采购订单号为空，已跳过
[进项 第2334行] 采购订单号为空，已跳过
[进项 第2335行] 采购订单号为空，已跳过
[进项 第2336行] 采购订单号为空，已跳过
[进项 第2337行] 采购订单号为空，已跳过
[进项 第2338行] 采购订单号为空，已跳过
[进项 第2339行] 采购订单号为空，已跳过
[进项 第2340行] 采购订单号为空，已跳过
[进项 第2341行] 采购订单号为空，已跳过
[进项 第2342行] 采购订单号为空，已跳过
[进项 第2343行] 采购订单号为空，已跳过
[进项 第2344行] 采购订单号为空，已跳过
[进项 第2345行] 采购订单号为空，已跳过
[进项 第2346行] 采购订单号为空，已跳过
[进项 第2347行] 采购订单号为空，已跳过
[进项 第2348行] 采购订单号为空，已跳过
[进项 第2349行] 采购订单号为空，已跳过
[进项 第2350行] 采购订单号为空，已跳过
[进项 第2351行] 采购订单号为空，已跳过
[进项 第2352行] 采购订单号为空，已跳过
[进项 第2353行] 采购订单号为空，已跳过
[进项 第2354行] 采购订单号为空，已跳过
[进项 第2355行] 采购订单号为空，已跳过
[进项 第2356行] 采购订单号为空，已跳过
[进项 第2357行] 采购订单号为空，已跳过
[进项 第2358行] 采购订单号为空，已跳过
[进项 第2359行] 采购订单号为空，已跳过
[进项 第2360行] 采购订单号为空，已跳过
[进项 第2361行] 采购订单号为空，已跳过
[进项 第2362行] 采购订单号为空，已跳过
[进项 第2363行] 采购订单号为空，已跳过
[进项 第2364行] 采购订单号为空，已跳过
[进项 第2365行] 采购订单号为空，已跳过
[进项 第2366行] 采购订单号为空，已跳过
[进项 第2367行] 采购订单号为空，已跳过
[进项 第2368行] 采购订单号为空，已跳过
[进项 第2369行] 采购订单号为空，已跳过
[进项 第2370行] 采购订单号为空，已跳过
[进项 第2371行] 采购订单号为空，已跳过
[进项 第2372行] 采购订单号为空，已跳过
[进项 第2373行] 采购订单号为空，已跳过
[进项 第2374行] 采购订单号为空，已跳过
[进项 第2375行] 采购订单号为空，已跳过
[进项 第2376行] 采购订单号为空，已跳过
[进项 第2377行] 采购订单号为空，已跳过
[进项 第2378行] 采购订单号为空，已跳过
[进项 第2379行] 采购订单号为空，已跳过
[进项 第2380行] 采购订单号为空，已跳过
[进项 第2381行] 采购订单号为空，已跳过
[进项 第2382行] 采购订单号为空，已跳过
[进项 第2383行] 采购订单号为空，已跳过
[进项 第2384行] 采购订单号为空，已跳过
[进项 第2385行] 采购订单号为空，已跳过
[进项 第2386行] 采购订单号为空，已跳过
[进项 第2387行] 采购订单号为空，已跳过
[进项 第2388行] 采购订单号为空，已跳过
[进项 第2389行] 采购订单号为空，已跳过
[进项 第2390行] 采购订单号为空，已跳过
[进项 第2391行] 采购订单号为空，已跳过
[进项 第2392行] 采购订单号为空，已跳过
[进项 第2393行] 采购订单号为空，已跳过
[进项 第2394行] 采购订单号为空，已跳过
[进项 第2395行] 采购订单号为空，已跳过
[进项 第2396行] 采购订单号为空，已跳过
[进项 第2397行] 采购订单号为空，已跳过
[进项 第2398行] 采购订单号为空，已跳过
[进项 第2399行] 采购订单号为空，已跳过
[进项 第2400行] 采购订单号为空，已跳过
[进项 第2401行] 采购订单号为空，已跳过
[进项 第2402行] 采购订单号为空，已跳过
[进项 第2403行] 采购订单号为空，已跳过
[进项 第2404行] 采购订单号为空，已跳过
[进项 第2405行] 采购订单号为空，已跳过
[进项 第2406行] 采购订单号为空，已跳过
[进项 第2407行] 采购订单号为空，已跳过
[进项 第2408行] 采购订单号为空，已跳过
[进项 第2409行] 采购订单号为空，已跳过
[进项 第2410行] 采购订单号为空，已跳过
[进项 第2411行] 采购订单号为空，已跳过
[进项 第2412行] 采购订单号为空，已跳过
[进项 第2413行] 采购订单号为空，已跳过
[进项 第2414行] 采购订单号为空，已跳过
[进项 第2415行] 采购订单号为空，已跳过
[进项 第2416行] 采购订单号为空，已跳过
[进项 第2417行] 采购订单号为空，已跳过
[进项 第2418行] 采购订单号为空，已跳过
[进项 第2419行] 采购订单号为空，已跳过
[进项 第2420行] 采购订单号为空，已跳过
[进项 第2421行] 采购订单号为空，已跳过
[进项 第2422行] 采购订单号为空，已跳过
[进项 第2423行] 采购订单号为空，已跳过
[进项 第2424行] 采购订单号为空，已跳过
[进项 第2425行] 采购订单号为空，已跳过
[进项 第2426行] 采购订单号为空，已跳过
[进项 第2427行] 采购订单号为空，已跳过
[进项 第2428行] 采购订单号为空，已跳过
[进项 第2429行] 采购订单号为空，已跳过
[进项 第2430行] 采购订单号为空，已跳过
[进项 第2431行] 采购订单号为空，已跳过
[进项 第2432行] 采购订单号为空，已跳过
[进项 第2433行] 采购订单号为空，已跳过
[进项 第2434行] 采购订单号为空，已跳过
[进项 第2435行] 采购订单号为空，已跳过
[进项 第2436行] 采购订单号为空，已跳过
[进项 第2437行] 采购订单号为空，已跳过
[进项 第2438行] 采购订单号为空，已跳过
[进项 第2439行] 采购订单号为空，已跳过
[进项 第2440行] 采购订单号为空，已跳过
[进项 第2441行] 采购订单号为空，已跳过
[进项 第2442行] 采购订单号为空，已跳过
[进项 第2443行] 采购订单号为空，已跳过
[进项 第2444行] 采购订单号为空，已跳过
[进项 第2445行] 采购订单号为空，已跳过
[进项 第2446行] 采购订单号为空，已跳过
[进项 第2447行] 采购订单号为空，已跳过
[进项 第2448行] 采购订单号为空，已跳过
[进项 第2449行] 采购订单号为空，已跳过
[进项 第2450行] 采购订单号为空，已跳过
[进项 第2451行] 采购订单号为空，已跳过
[进项 第2452行] 采购订单号为空，已跳过
[进项 第2453行] 采购订单号为空，已跳过
[进项 第2454行] 采购订单号为空，已跳过
[进项 第2455行] 采购订单号为空，已跳过
[进项 第2456行] 采购订单号为空，已跳过
[进项 第2457行] 采购订单号为空，已跳过
[进项 第2458行] 采购订单号为空，已跳过
[进项 第2459行] 采购订单号为空，已跳过
[进项 第2460行] 采购订单号为空，已跳过
[进项 第2461行] 采购订单号为空，已跳过
[进项 第2462行] 采购订单号为空，已跳过
[进项 第2463行] 采购订单号为空，已跳过
[进项 第2464行] 采购订单号为空，已跳过
[进项 第2465行] 采购订单号为空，已跳过
[进项 第2466行] 采购订单号为空，已跳过
[进项 第2467行] 采购订单号为空，已跳过
[进项 第2468行] 采购订单号为空，已跳过
[进项 第2469行] 采购订单号为空，已跳过
[进项 第2470行] 采购订单号为空，已跳过
[进项 第2471行] 采购订单号为空，已跳过
[进项 第2472行] 采购订单号为空，已跳过
[进项 第2473行] 采购订单号为空，已跳过
[进项 第2474行] 采购订单号为空，已跳过
[进项 第2475行] 采购订单号为空，已跳过
[进项 第2476行] 采购订单号为空，已跳过
[进项 第2477行] 采购订单号为空，已跳过
[进项 第2478行] 采购订单号为空，已跳过
[进项 第2479行] 采购订单号为空，已跳过
[进项 第2480行] 采购订单号为空，已跳过
[进项 第2481行] 采购订单号为空，已跳过
[进项 第2482行] 采购订单号为空，已跳过
[进项 第2483行] 采购订单号为空，已跳过
[进项 第2484行] 采购订单号为空，已跳过
[进项 第2485行] 采购订单号为空，已跳过
[进项 第2486行] 采购订单号为空，已跳过
[进项 第2487行] 采购订单号为空，已跳过
[进项 第2488行] 采购订单号为空，已跳过
[进项 第2489行] 采购订单号为空，已跳过
[进项 第2490行] 采购订单号为空，已跳过
[进项 第2491行] 采购订单号为空，已跳过
[进项 第2492行] 采购订单号为空，已跳过
[进项 第2493行] 采购订单号为空，已跳过
[进项 第2494行] 采购订单号为空，已跳过
[进项 第2495行] 采购订单号为空，已跳过
[进项 第2496行] 采购订单号为空，已跳过
[进项 第2497行] 采购订单号为空，已跳过
[进项 第2498行] 采购订单号为空，已跳过
[进项 第2499行] 采购订单号为空，已跳过
[进项 第2500行] 采购订单号为空，已跳过
[进项 第2501行] 采购订单号为空，已跳过
[进项 第2502行] 采购订单号为空，已跳过
[进项 第2503行] 采购订单号为空，已跳过
[进项 第2504行] 采购订单号为空，已跳过
[进项 第2505行] 采购订单号为空，已跳过
[进项 第2506行] 采购订单号为空，已跳过
[进项 第2507行] 采购订单号为空，已跳过
[进项 第2508行] 采购订单号为空，已跳过
[进项 第2509行] 采购订单号为空，已跳过
[进项 第2510行] 采购订单号为空，已跳过
[进项 第2511行] 采购订单号为空，已跳过
[进项 第2512行] 采购订单号为空，已跳过
[进项 第2513行] 采购订单号为空，已跳过
[进项 第2514行] 采购订单号为空，已跳过
[进项 第2515行] 采购订单号为空，已跳过
[进项 第2516行] 采购订单号为空，已跳过
[进项 第2517行] 采购订单号为空，已跳过
[进项 第2518行] 采购订单号为空，已跳过
[进项 第2519行] 采购订单号为空，已跳过
[进项 第2520行] 采购订单号为空，已跳过
[进项 第2521行] 采购订单号为空，已跳过
[进项 第2522行] 采购订单号为空，已跳过
[进项 第2523行] 采购订单号为空，已跳过
[进项 第2524行] 采购订单号为空，已跳过
[进项 第2525行] 采购订单号为空，已跳过
[进项 第2526行] 采购订单号为空，已跳过
[进项 第2527行] 采购订单号为空，已跳过
[进项 第2528行] 采购订单号为空，已跳过
[进项 第2529行] 采购订单号为空，已跳过
[进项 第2530行] 采购订单号为空，已跳过
[进项 第2531行] 采购订单号为空，已跳过
[进项 第2532行] 采购订单号为空，已跳过
[进项 第2533行] 采购订单号为空，已跳过
[进项 第2534行] 采购订单号为空，已跳过
[进项 第2535行] 采购订单号为空，已跳过
[进项 第2536行] 采购订单号为空，已跳过
[进项 第2537行] 采购订单号为空，已跳过
[进项 第2538行] 采购订单号为空，已跳过
[进项 第2539行] 采购订单号为空，已跳过
[进项 第2540行] 采购订单号为空，已跳过
[进项 第2541行] 采购订单号为空，已跳过
[进项 第2542行] 采购订单号为空，已跳过
[进项 第2543行] 采购订单号为空，已跳过
[进项 第2544行] 采购订单号为空，已跳过
[进项 第2545行] 采购订单号为空，已跳过
[进项 第2546行] 采购订单号为空，已跳过
[进项 第2547行] 采购订单号为空，已跳过
[进项 第2548行] 采购订单号为空，已跳过
[进项 第2549行] 采购订单号为空，已跳过
[进项 第2550行] 采购订单号为空，已跳过
[进项 第2551行] 采购订单号为空，已跳过
[进项 第2552行] 采购订单号为空，已跳过
[进项 第2553行] 采购订单号为空，已跳过
[进项 第2554行] 采购订单号为空，已跳过
[进项 第2555行] 采购订单号为空，已跳过
[进项 第2556行] 采购订单号为空，已跳过
[进项 第2557行] 采购订单号为空，已跳过
[进项 第2558行] 采购订单号为空，已跳过
[进项 第2559行] 采购订单号为空，已跳过
[进项 第2560行] 采购订单号为空，已跳过
[进项 第2561行] 采购订单号为空，已跳过
[进项 第2562行] 采购订单号为空，已跳过
[进项 第2563行] 采购订单号为空，已跳过
[进项 第2564行] 采购订单号为空，已跳过
[进项 第2565行] 采购订单号为空，已跳过
[进项 第2566行] 采购订单号为空，已跳过
[进项 第2567行] 采购订单号为空，已跳过
[进项 第2568行] 采购订单号为空，已跳过
[进项 第2569行] 采购订单号为空，已跳过
[进项 第2570行] 采购订单号为空，已跳过
[进项 第2571行] 采购订单号为空，已跳过
[进项 第2572行] 采购订单号为空，已跳过
[进项 第2573行] 采购订单号为空，已跳过
[进项 第2574行] 采购订单号为空，已跳过
[进项 第2575行] 采购订单号为空，已跳过
[进项 第2576行] 采购订单号为空，已跳过
[进项 第2577行] 采购订单号为空，已跳过
[进项 第2578行] 采购订单号为空，已跳过
[进项 第2579行] 采购订单号为空，已跳过
[进项 第2580行] 采购订单号为空，已跳过
[进项 第2581行] 采购订单号为空，已跳过
[进项 第2582行] 采购订单号为空，已跳过
[进项 第2583行] 采购订单号为空，已跳过
[进项 第2584行] 采购订单号为空，已跳过
[进项 第2585行] 采购订单号为空，已跳过
[进项 第2586行] 采购订单号为空，已跳过
[进项 第2587行] 采购订单号为空，已跳过
[进项 第2588行] 采购订单号为空，已跳过
[进项 第2589行] 采购订单号为空，已跳过
[进项 第2590行] 采购订单号为空，已跳过
[进项 第2591行] 采购订单号为空，已跳过
[进项 第2592行] 采购订单号为空，已跳过
[进项 第2593行] 采购订单号为空，已跳过
[进项 第2594行] 采购订单号为空，已跳过
[进项 第2595行] 采购订单号为空，已跳过
[进项 第2596行] 采购订单号为空，已跳过
[进项 第2597行] 采购订单号为空，已跳过
[进项 第2598行] 采购订单号为空，已跳过
[进项 第2599行] 采购订单号为空，已跳过
[进项 第2600行] 采购订单号为空，已跳过
[进项 第2601行] 采购订单号为空，已跳过
[进项 第2602行] 采购订单号为空，已跳过
[进项 第2603行] 采购订单号为空，已跳过
[进项 第2604行] 采购订单号为空，已跳过
[进项 第2605行] 采购订单号为空，已跳过
[进项 第2606行] 采购订单号为空，已跳过
[进项 第2607行] 采购订单号为空，已跳过
[进项 第2608行] 采购订单号为空，已跳过
[进项 第2609行] 采购订单号为空，已跳过
[进项 第2610行] 采购订单号为空，已跳过
[进项 第2611行] 采购订单号为空，已跳过
[进项 第2612行] 采购订单号为空，已跳过
[进项 第2613行] 采购订单号为空，已跳过
[进项 第2614行] 采购订单号为空，已跳过
[进项 第2615行] 采购订单号为空，已跳过
[进项 第2616行] 采购订单号为空，已跳过
[进项 第2617行] 采购订单号为空，已跳过
[进项 第2618行] 采购订单号为空，已跳过
[进项 第2619行] 采购订单号为空，已跳过
[进项 第2620行] 采购订单号为空，已跳过
[进项 第2621行] 采购订单号为空，已跳过
[进项 第2622行] 采购订单号为空，已跳过
[进项 第2623行] 采购订单号为空，已跳过
[进项 第2624行] 采购订单号为空，已跳过
[进项 第2625行] 采购订单号为空，已跳过
[进项 第2626行] 采购订单号为空，已跳过
[进项 第2627行] 采购订单号为空，已跳过
[进项 第2628行] 采购订单号为空，已跳过
[进项 第2629行] 采购订单号为空，已跳过
[进项 第2630行] 采购订单号为空，已跳过
[进项 第2631行] 采购订单号为空，已跳过
[进项 第2632行] 采购订单号为空，已跳过
[进项 第2633行] 采购订单号为空，已跳过
[进项 第2634行] 采购订单号为空，已跳过
[进项 第2635行] 采购订单号为空，已跳过
[进项 第2636行] 采购订单号为空，已跳过
[进项 第2637行] 采购订单号为空，已跳过
[进项 第2638行] 采购订单号为空，已跳过
[进项 第2639行] 采购订单号为空，已跳过
[进项 第2640行] 采购订单号为空，已跳过
[进项 第2641行] 采购订单号为空，已跳过
[进项 第2642行] 采购订单号为空，已跳过
[进项 第2643行] 采购订单号为空，已跳过
[进项 第2644行] 采购订单号为空，已跳过
[进项 第2645行] 采购订单号为空，已跳过
[进项 第2646行] 采购订单号为空，已跳过
[进项 第2647行] 采购订单号为空，已跳过
[进项 第2648行] 采购订单号为空，已跳过
[进项 第2649行] 采购订单号为空，已跳过
[进项 第2650行] 采购订单号为空，已跳过
[进项 第2651行] 采购订单号为空，已跳过
[进项 第2652行] 采购订单号为空，已跳过
[进项 第2653行] 采购订单号为空，已跳过
[进项 第2654行] 采购订单号为空，已跳过
[进项 第2655行] 采购订单号为空，已跳过
[进项 第2656行] 采购订单号为空，已跳过
[进项 第2657行] 采购订单号为空，已跳过
[进项 第2658行] 采购订单号为空，已跳过
[进项 第2659行] 采购订单号为空，已跳过
[进项 第2660行] 采购订单号为空，已跳过
[进项 第2661行] 采购订单号为空，已跳过
[进项 第2662行] 采购订单号为空，已跳过
[进项 第2663行] 采购订单号为空，已跳过
[进项 第2664行] 采购订单号为空，已跳过
[进项 第2665行] 采购订单号为空，已跳过
[进项 第2666行] 采购订单号为空，已跳过
[进项 第2667行] 采购订单号为空，已跳过
[进项 第2668行] 采购订单号为空，已跳过
[进项 第2669行] 采购订单号为空，已跳过
[进项 第2670行] 采购订单号为空，已跳过
[进项 第2671行] 采购订单号为空，已跳过
[进项 第2672行] 采购订单号为空，已跳过
[进项 第2673行] 采购订单号为空，已跳过
[进项 第2674行] 采购订单号为空，已跳过
[进项 第2675行] 采购订单号为空，已跳过
[进项 第2676行] 采购订单号为空，已跳过
[进项 第2677行] 采购订单号为空，已跳过
[进项 第2678行] 采购订单号为空，已跳过
[进项 第2679行] 采购订单号为空，已跳过
[进项 第2680行] 采购订单号为空，已跳过
[进项 第2681行] 采购订单号为空，已跳过
[进项 第2682行] 采购订单号为空，已跳过
[进项 第2683行] 采购订单号为空，已跳过
[进项 第2684行] 采购订单号为空，已跳过
[进项 第2685行] 采购订单号为空，已跳过
[进项 第2686行] 采购订单号为空，已跳过
[进项 第2687行] 采购订单号为空，已跳过
[进项 第2688行] 采购订单号为空，已跳过
[进项 第2689行] 采购订单号为空，已跳过
[进项 第2690行] 采购订单号为空，已跳过
[进项 第2691行] 采购订单号为空，已跳过
[进项 第2692行] 采购订单号为空，已跳过
[进项 第2693行] 采购订单号为空，已跳过
[进项 第2694行] 采购订单号为空，已跳过
[进项 第2695行] 采购订单号为空，已跳过
[进项 第2696行] 采购订单号为空，已跳过
[进项 第2697行] 采购订单号为空，已跳过
[进项 第2698行] 采购订单号为空，已跳过
[进项 第2699行] 采购订单号为空，已跳过
[进项 第2700行] 采购订单号为空，已跳过
[进项 第2701行] 采购订单号为空，已跳过
[进项 第2702行] 采购订单号为空，已跳过
[进项 第2703行] 采购订单号为空，已跳过
[进项 第2704行] 采购订单号为空，已跳过
[进项 第2705行] 采购订单号为空，已跳过
[进项 第2706行] 采购订单号为空，已跳过
[进项 第2707行] 采购订单号为空，已跳过
[进项 第2708行] 采购订单号为空，已跳过
[进项 第2709行] 采购订单号为空，已跳过
[进项 第2710行] 采购订单号为空，已跳过
[进项 第2711行] 采购订单号为空，已跳过
[进项 第2712行] 采购订单号为空，已跳过
[进项 第2713行] 采购订单号为空，已跳过
[进项 第2714行] 采购订单号为空，已跳过
[进项 第2715行] 采购订单号为空，已跳过
[进项 第2716行] 采购订单号为空，已跳过
[进项 第2717行] 采购订单号为空，已跳过
[进项 第2718行] 采购订单号为空，已跳过
[进项 第2719行] 采购订单号为空，已跳过
[进项 第2720行] 采购订单号为空，已跳过
[进项 第2721行] 采购订单号为空，已跳过
[进项 第2722行] 采购订单号为空，已跳过
[进项 第2723行] 采购订单号为空，已跳过
[进项 第2724行] 采购订单号为空，已跳过
[进项 第2725行] 采购订单号为空，已跳过
[进项 第2726行] 采购订单号为空，已跳过
[进项 第2727行] 采购订单号为空，已跳过
[进项 第2728行] 采购订单号为空，已跳过
[进项 第2729行] 采购订单号为空，已跳过
[进项 第2730行] 采购订单号为空，已跳过
[进项 第2731行] 采购订单号为空，已跳过
[进项 第2732行] 采购订单号为空，已跳过
[进项 第2733行] 采购订单号为空，已跳过
[进项 第2734行] 采购订单号为空，已跳过
[进项 第2735行] 采购订单号为空，已跳过
[进项 第2736行] 采购订单号为空，已跳过
[进项 第2737行] 采购订单号为空，已跳过
[进项 第2738行] 采购订单号为空，已跳过
[进项 第2739行] 采购订单号为空，已跳过
[进项 第2740行] 采购订单号为空，已跳过
[进项 第2741行] 采购订单号为空，已跳过
[进项 第2742行] 采购订单号为空，已跳过
[进项 第2743行] 采购订单号为空，已跳过
[进项 第2744行] 采购订单号为空，已跳过
[进项 第2745行] 采购订单号为空，已跳过
[进项 第2746行] 采购订单号为空，已跳过
[进项 第2747行] 采购订单号为空，已跳过
[进项 第2748行] 采购订单号为空，已跳过
[进项 第2749行] 采购订单号为空，已跳过
[进项 第2750行] 采购订单号为空，已跳过
[进项 第2751行] 采购订单号为空，已跳过
[进项 第2752行] 采购订单号为空，已跳过
[进项 第2753行] 采购订单号为空，已跳过
[进项 第2754行] 采购订单号为空，已跳过
[进项 第2755行] 采购订单号为空，已跳过
[进项 第2756行] 采购订单号为空，已跳过
[进项 第2757行] 采购订单号为空，已跳过
[进项 第2758行] 采购订单号为空，已跳过
[进项 第2759行] 采购订单号为空，已跳过
[进项 第2760行] 采购订单号为空，已跳过
[进项 第2761行] 采购订单号为空，已跳过
[进项 第2762行] 采购订单号为空，已跳过
[进项 第2763行] 采购订单号为空，已跳过
[进项 第2764行] 采购订单号为空，已跳过
[进项 第2765行] 采购订单号为空，已跳过
[进项 第2766行] 采购订单号为空，已跳过
[进项 第2767行] 采购订单号为空，已跳过
[进项 第2768行] 采购订单号为空，已跳过
[进项 第2769行] 采购订单号为空，已跳过
[进项 第2770行] 采购订单号为空，已跳过
[进项 第2771行] 采购订单号为空，已跳过
[进项 第2772行] 采购订单号为空，已跳过
[进项 第2773行] 采购订单号为空，已跳过
[进项 第2774行] 采购订单号为空，已跳过
[进项 第2775行] 采购订单号为空，已跳过
[进项 第2776行] 采购订单号为空，已跳过
[进项 第2777行] 采购订单号为空，已跳过
[进项 第2778行] 采购订单号为空，已跳过
[进项 第2779行] 采购订单号为空，已跳过
[进项 第2780行] 采购订单号为空，已跳过
[进项 第2781行] 采购订单号为空，已跳过
[进项 第2782行] 采购订单号为空，已跳过
[进项 第2783行] 采购订单号为空，已跳过
[进项 第2784行] 采购订单号为空，已跳过
[进项 第2785行] 采购订单号为空，已跳过
[进项 第2786行] 采购订单号为空，已跳过
[进项 第2787行] 采购订单号为空，已跳过
[进项 第2788行] 采购订单号为空，已跳过
[进项 第2789行] 采购订单号为空，已跳过
[进项 第2790行] 采购订单号为空，已跳过
[进项 第2791行] 采购订单号为空，已跳过
[进项 第2792行] 采购订单号为空，已跳过
[进项 第2793行] 采购订单号为空，已跳过
[进项 第2794行] 采购订单号为空，已跳过
[进项 第2795行] 采购订单号为空，已跳过
[进项 第2796行] 采购订单号为空，已跳过
[进项 第2797行] 采购订单号为空，已跳过
[进项 第2798行] 采购订单号为空，已跳过
[进项 第2799行] 采购订单号为空，已跳过
[进项 第2800行] 采购订单号为空，已跳过
[进项 第2801行] 采购订单号为空，已跳过
[进项 第2802行] 采购订单号为空，已跳过
[进项 第2803行] 采购订单号为空，已跳过
[进项 第2804行] 采购订单号为空，已跳过
[进项 第2805行] 采购订单号为空，已跳过
[进项 第2806行] 采购订单号为空，已跳过
[进项 第2807行] 采购订单号为空，已跳过
[进项 第2808行] 采购订单号为空，已跳过
[进项 第2809行] 采购订单号为空，已跳过
[进项 第2810行] 采购订单号为空，已跳过
[进项 第2811行] 采购订单号为空，已跳过
[进项 第2812行] 采购订单号为空，已跳过
[进项 第2813行] 采购订单号为空，已跳过
[进项 第2814行] 采购订单号为空，已跳过
[进项 第2815行] 采购订单号为空，已跳过
[进项 第2816行] 采购订单号为空，已跳过
[进项 第2817行] 采购订单号为空，已跳过
[进项 第2818行] 采购订单号为空，已跳过
[进项 第2819行] 采购订单号为空，已跳过
[进项 第2820行] 采购订单号为空，已跳过
[进项 第2821行] 采购订单号为空，已跳过
[进项 第2822行] 采购订单号为空，已跳过
[进项 第2823行] 采购订单号为空，已跳过
[进项 第2824行] 采购订单号为空，已跳过
[进项 第2825行] 采购订单号为空，已跳过
[进项 第2826行] 采购订单号为空，已跳过
[进项 第2827行] 采购订单号为空，已跳过
[进项 第2828行] 采购订单号为空，已跳过
[进项 第2829行] 采购订单号为空，已跳过
[进项 第2830行] 采购订单号为空，已跳过
[进项 第2831行] 采购订单号为空，已跳过
[进项 第2832行] 采购订单号为空，已跳过
[进项 第2833行] 采购订单号为空，已跳过
[进项 第2834行] 采购订单号为空，已跳过
[进项 第2835行] 采购订单号为空，已跳过
[进项 第2836行] 采购订单号为空，已跳过
[进项 第2837行] 采购订单号为空，已跳过
[进项 第2838行] 采购订单号为空，已跳过
[进项 第2839行] 采购订单号为空，已跳过
[进项 第2840行] 采购订单号为空，已跳过
[进项 第2841行] 采购订单号为空，已跳过
[进项 第2842行] 采购订单号为空，已跳过
[进项 第2843行] 采购订单号为空，已跳过
[进项 第2844行] 采购订单号为空，已跳过
[进项 第2845行] 采购订单号为空，已跳过
[进项 第2846行] 采购订单号为空，已跳过
[进项 第2847行] 采购订单号为空，已跳过
[进项 第2848行] 采购订单号为空，已跳过
[进项 第2849行] 采购订单号为空，已跳过
[进项 第2850行] 采购订单号为空，已跳过
[进项 第2851行] 采购订单号为空，已跳过
[进项 第2852行] 采购订单号为空，已跳过
[进项 第2853行] 采购订单号为空，已跳过
[进项 第2854行] 采购订单号为空，已跳过
[进项 第2855行] 采购订单号为空，已跳过
[进项 第2856行] 采购订单号为空，已跳过
[进项 第2857行] 采购订单号为空，已跳过
[进项 第2858行] 采购订单号为空，已跳过
[进项 第2859行] 采购订单号为空，已跳过
[进项 第2860行] 采购订单号为空，已跳过
[进项 第2861行] 采购订单号为空，已跳过
[进项 第2862行] 采购订单号为空，已跳过
[进项 第2863行] 采购订单号为空，已跳过
[进项 第2864行] 采购订单号为空，已跳过
[进项 第2865行] 采购订单号为空，已跳过
[进项 第2866行] 采购订单号为空，已跳过
[进项 第2867行] 采购订单号为空，已跳过
[进项 第2868行] 采购订单号为空，已跳过
[进项 第2869行] 采购订单号为空，已跳过
[进项 第2870行] 采购订单号为空，已跳过
[进项 第2871行] 采购订单号为空，已跳过
[进项 第2872行] 采购订单号为空，已跳过
[进项 第2873行] 采购订单号为空，已跳过
[进项 第2874行] 采购订单号为空，已跳过
[进项 第2875行] 采购订单号为空，已跳过
[进项 第2876行] 采购订单号为空，已跳过
[进项 第2877行] 采购订单号为空，已跳过
[进项 第2878行] 采购订单号为空，已跳过
[进项 第2879行] 采购订单号为空，已跳过
[进项 第2880行] 采购订单号为空，已跳过
[进项 第2881行] 采购订单号为空，已跳过
[进项 第2882行] 采购订单号为空，已跳过
[进项 第2883行] 采购订单号为空，已跳过
[进项 第2884行] 采购订单号为空，已跳过
[进项 第2885行] 采购订单号为空，已跳过
[进项 第2886行] 采购订单号为空，已跳过
[进项 第2887行] 采购订单号为空，已跳过
[进项 第2888行] 采购订单号为空，已跳过
[进项 第2889行] 采购订单号为空，已跳过
[进项 第2890行] 采购订单号为空，已跳过
[进项 第2891行] 采购订单号为空，已跳过
[进项 第2892行] 采购订单号为空，已跳过
[进项 第2893行] 采购订单号为空，已跳过
[进项 第2894行] 采购订单号为空，已跳过
[进项 第2895行] 采购订单号为空，已跳过
[进项 第2896行] 采购订单号为空，已跳过
[进项 第2897行] 采购订单号为空，已跳过
[进项 第2898行] 采购订单号为空，已跳过
[进项 第2899行] 采购订单号为空，已跳过
[进项 第2900行] 采购订单号为空，已跳过
[进项 第2901行] 采购订单号为空，已跳过
[进项 第2902行] 采购订单号为空，已跳过
[进项 第2903行] 采购订单号为空，已跳过
[进项 第2904行] 采购订单号为空，已跳过
[进项 第2905行] 采购订单号为空，已跳过
[进项 第2906行] 采购订单号为空，已跳过
[进项 第2907行] 采购订单号为空，已跳过
[进项 第2908行] 采购订单号为空，已跳过
[进项 第2909行] 采购订单号为空，已跳过
[进项 第2910行] 采购订单号为空，已跳过
[进项 第2911行] 采购订单号为空，已跳过
[进项 第2912行] 采购订单号为空，已跳过
[进项 第2913行] 采购订单号为空，已跳过
[进项 第2914行] 采购订单号为空，已跳过
[进项 第2915行] 采购订单号为空，已跳过
[进项 第2916行] 采购订单号为空，已跳过
[进项 第2917行] 采购订单号为空，已跳过
[进项 第2918行] 采购订单号为空，已跳过
[进项 第2919行] 采购订单号为空，已跳过
[进项 第2920行] 采购订单号为空，已跳过
[进项 第2921行] 采购订单号为空，已跳过
[进项 第2922行] 采购订单号为空，已跳过
[进项 第2923行] 采购订单号为空，已跳过
[进项 第2924行] 采购订单号为空，已跳过
[进项 第2925行] 采购订单号为空，已跳过
[进项 第2926行] 采购订单号为空，已跳过
[进项 第2927行] 采购订单号为空，已跳过
[进项 第2928行] 采购订单号为空，已跳过
[进项 第2929行] 采购订单号为空，已跳过
[进项 第2930行] 采购订单号为空，已跳过
[进项 第2931行] 采购订单号为空，已跳过
[进项 第2932行] 采购订单号为空，已跳过
[进项 第2933行] 采购订单号为空，已跳过
[进项 第2934行] 采购订单号为空，已跳过
[进项 第2935行] 采购订单号为空，已跳过
[进项 第2936行] 采购订单号为空，已跳过
[进项 第2937行] 采购订单号为空，已跳过
[进项 第2938行] 采购订单号为空，已跳过
[进项 第2939行] 采购订单号为空，已跳过
[进项 第2940行] 采购订单号为空，已跳过
[进项 第2941行] 采购订单号为空，已跳过
[进项 第2942行] 采购订单号为空，已跳过
[进项 第2943行] 采购订单号为空，已跳过
[进项 第2944行] 采购订单号为空，已跳过
[进项 第2945行] 采购订单号为空，已跳过
[进项 第2946行] 采购订单号为空，已跳过
[进项 第2947行] 采购订单号为空，已跳过
[进项 第2948行] 采购订单号为空，已跳过
[进项 第2949行] 采购订单号为空，已跳过
[进项 第2950行] 采购订单号为空，已跳过
[进项 第2951行] 采购订单号为空，已跳过
[进项 第2952行] 采购订单号为空，已跳过
[进项 第2953行] 采购订单号为空，已跳过
[进项 第2954行] 采购订单号为空，已跳过
[进项 第2955行] 采购订单号为空，已跳过
[进项 第2956行] 采购订单号为空，已跳过
[进项 第2957行] 采购订单号为空，已跳过
[进项 第2958行] 采购订单号为空，已跳过
[进项 第2959行] 采购订单号为空，已跳过
[进项 第2960行] 采购订单号为空，已跳过
[进项 第2961行] 采购订单号为空，已跳过
[进项 第2962行] 采购订单号为空，已跳过
[进项 第2963行] 采购订单号为空，已跳过
[进项 第2964行] 采购订单号为空，已跳过
[进项 第2965行] 采购订单号为空，已跳过
[进项 第2966行] 采购订单号为空，已跳过
[进项 第2967行] 采购订单号为空，已跳过
[进项 第2968行] 采购订单号为空，已跳过
[进项 第2969行] 采购订单号为空，已跳过
[进项 第2970行] 采购订单号为空，已跳过
[进项 第2971行] 采购订单号为空，已跳过
[进项 第2972行] 采购订单号为空，已跳过
[进项 第2973行] 采购订单号为空，已跳过
[进项 第2974行] 采购订单号为空，已跳过
[进项 第2975行] 采购订单号为空，已跳过
[进项 第2976行] 采购订单号为空，已跳过
[进项 第2977行] 采购订单号为空，已跳过
[进项 第2978行] 采购订单号为空，已跳过
[进项 第2979行] 采购订单号为空，已跳过
[进项 第2980行] 采购订单号为空，已跳过
[进项 第2981行] 采购订单号为空，已跳过
[进项 第2982行] 采购订单号为空，已跳过
[进项 第2983行] 采购订单号为空，已跳过
[进项 第2984行] 采购订单号为空，已跳过
[进项 第2985行] 采购订单号为空，已跳过
[进项 第2986行] 采购订单号为空，已跳过
[进项 第2987行] 采购订单号为空，已跳过
[进项 第2988行] 采购订单号为空，已跳过
[进项 第2989行] 采购订单号为空，已跳过
[进项 第2990行] 采购订单号为空，已跳过
[进项 第2991行] 采购订单号为空，已跳过
[进项 第2992行] 采购订单号为空，已跳过
[进项 第2993行] 采购订单号为空，已跳过
[进项 第2994行] 采购订单号为空，已跳过
[进项 第2995行] 采购订单号为空，已跳过
[进项 第2996行] 采购订单号为空，已跳过
[进项 第2997行] 采购订单号为空，已跳过
[进项 第2998行] 采购订单号为空，已跳过
[进项 第2999行] 采购订单号为空，已跳过
[进项 第3000行] 采购订单号为空，已跳过
[进项 第3001行] 采购订单号为空，已跳过
[进项 第3002行] 采购订单号为空，已跳过
[进项 第3003行] 采购订单号为空，已跳过
[进项 第3004行] 采购订单号为空，已跳过
[进项 第3005行] 采购订单号为空，已跳过
[进项 第3006行] 采购订单号为空，已跳过
[进项 第3007行] 采购订单号为空，已跳过
[进项 第3008行] 采购订单号为空，已跳过
[进项 第3009行] 采购订单号为空，已跳过
[进项 第3010行] 采购订单号为空，已跳过
[进项 第3011行] 采购订单号为空，已跳过
[进项 第3012行] 采购订单号为空，已跳过
[进项 第3013行] 采购订单号为空，已跳过
[进项 第3014行] 采购订单号为空，已跳过
[进项 第3015行] 采购订单号为空，已跳过
[进项 第3016行] 采购订单号为空，已跳过
[进项 第3017行] 采购订单号为空，已跳过
[进项 第3018行] 采购订单号为空，已跳过
[进项 第3019行] 采购订单号为空，已跳过
[进项 第3020行] 采购订单号为空，已跳过
[进项 第3021行] 采购订单号为空，已跳过
[进项 第3022行] 采购订单号为空，已跳过
[进项 第3023行] 采购订单号为空，已跳过
[进项 第3024行] 采购订单号为空，已跳过
[进项 第3025行] 采购订单号为空，已跳过
[进项 第3026行] 采购订单号为空，已跳过
[进项 第3027行] 采购订单号为空，已跳过
[进项 第3028行] 采购订单号为空，已跳过
[进项 第3029行] 采购订单号为空，已跳过
[进项 第3030行] 采购订单号为空，已跳过
[进项 第3031行] 采购订单号为空，已跳过
[进项 第3032行] 采购订单号为空，已跳过
[进项 第3033行] 采购订单号为空，已跳过
[进项 第3034行] 采购订单号为空，已跳过
[进项 第3035行] 采购订单号为空，已跳过
[进项 第3036行] 采购订单号为空，已跳过
[进项 第3037行] 采购订单号为空，已跳过
[进项 第3038行] 采购订单号为空，已跳过
[进项 第3039行] 采购订单号为空，已跳过
[进项 第3040行] 采购订单号为空，已跳过
[进项 第3041行] 采购订单号为空，已跳过
[进项 第3042行] 采购订单号为空，已跳过
[进项 第3043行] 采购订单号为空，已跳过
[进项 第3044行] 采购订单号为空，已跳过
[进项 第3045行] 采购订单号为空，已跳过
[进项 第3046行] 采购订单号为空，已跳过
[进项 第3047行] 采购订单号为空，已跳过
[进项 第3048行] 采购订单号为空，已跳过
[进项 第3049行] 采购订单号为空，已跳过
[进项 第3050行] 采购订单号为空，已跳过
[进项 第3051行] 采购订单号为空，已跳过
[进项 第3052行] 采购订单号为空，已跳过
[进项 第3053行] 采购订单号为空，已跳过
[进项 第3054行] 采购订单号为空，已跳过
[进项 第3055行] 采购订单号为空，已跳过
[进项 第3056行] 采购订单号为空，已跳过
[进项 第3057行] 采购订单号为空，已跳过
[进项 第3058行] 采购订单号为空，已跳过
[进项 第3059行] 采购订单号为空，已跳过
[进项 第3060行] 采购订单号为空，已跳过
[进项 第3061行] 采购订单号为空，已跳过
[进项 第3062行] 采购订单号为空，已跳过
[进项 第3063行] 采购订单号为空，已跳过
[进项 第3064行] 采购订单号为空，已跳过
[进项 第3065行] 采购订单号为空，已跳过
[进项 第3066行] 采购订单号为空，已跳过
[进项 第3067行] 采购订单号为空，已跳过
[进项 第3068行] 采购订单号为空，已跳过
[进项 第3069行] 采购订单号为空，已跳过
[进项 第3070行] 采购订单号为空，已跳过
[进项 第3071行] 采购订单号为空，已跳过
[进项 第3072行] 采购订单号为空，已跳过
[进项 第3073行] 采购订单号为空，已跳过
[进项 第3074行] 采购订单号为空，已跳过
[进项 第3075行] 采购订单号为空，已跳过
[进项 第3076行] 采购订单号为空，已跳过
[进项 第3077行] 采购订单号为空，已跳过
[进项 第3078行] 采购订单号为空，已跳过
[进项 第3079行] 采购订单号为空，已跳过
[进项 第3080行] 采购订单号为空，已跳过
[进项 第3081行] 采购订单号为空，已跳过
[进项 第3082行] 采购订单号为空，已跳过
[进项 第3083行] 采购订单号为空，已跳过
[进项 第3084行] 采购订单号为空，已跳过
[进项 第3085行] 采购订单号为空，已跳过
[进项 第3086行] 采购订单号为空，已跳过
[进项 第3087行] 采购订单号为空，已跳过
[进项 第3088行] 采购订单号为空，已跳过
[进项 第3089行] 采购订单号为空，已跳过
[进项 第3090行] 采购订单号为空，已跳过
[进项 第3091行] 采购订单号为空，已跳过
[进项 第3092行] 采购订单号为空，已跳过
[进项 第3093行] 采购订单号为空，已跳过
[进项 第3094行] 采购订单号为空，已跳过
[进项 第3095行] 采购订单号为空，已跳过
[进项 第3096行] 采购订单号为空，已跳过
[进项 第3097行] 采购订单号为空，已跳过
[进项 第3098行] 采购订单号为空，已跳过
[进项 第3099行] 采购订单号为空，已跳过
[进项 第3100行] 采购订单号为空，已跳过
[进项 第3101行] 采购订单号为空，已跳过
[进项 第3102行] 采购订单号为空，已跳过
[进项 第3103行] 采购订单号为空，已跳过
[进项 第3104行] 采购订单号为空，已跳过
[进项 第3105行] 采购订单号为空，已跳过
[进项 第3106行] 采购订单号为空，已跳过
[进项 第3107行] 采购订单号为空，已跳过
[进项 第3108行] 采购订单号为空，已跳过
[进项 第3109行] 采购订单号为空，已跳过
[进项 第3110行] 采购订单号为空，已跳过
[进项 第3111行] 采购订单号为空，已跳过
[进项 第3112行] 采购订单号为空，已跳过
[进项 第3113行] 采购订单号为空，已跳过
[进项 第3114行] 采购订单号为空，已跳过
[进项 第3115行] 采购订单号为空，已跳过
[进项 第3116行] 采购订单号为空，已跳过
[进项 第3117行] 采购订单号为空，已跳过
[进项 第3118行] 采购订单号为空，已跳过
[进项 第3119行] 采购订单号为空，已跳过
[进项 第3120行] 采购订单号为空，已跳过
[进项 第3121行] 采购订单号为空，已跳过
[进项 第3122行] 采购订单号为空，已跳过
[进项 第3123行] 采购订单号为空，已跳过
[进项 第3124行] 采购订单号为空，已跳过
[进项 第3125行] 采购订单号为空，已跳过
[进项 第3126行] 采购订单号为空，已跳过
[进项 第3127行] 采购订单号为空，已跳过
[进项 第3128行] 采购订单号为空，已跳过
[进项 第3129行] 采购订单号为空，已跳过
[进项 第3130行] 采购订单号为空，已跳过
[进项 第3131行] 采购订单号为空，已跳过
[进项 第3132行] 采购订单号为空，已跳过
[进项 第3133行] 采购订单号为空，已跳过
[进项 第3134行] 采购订单号为空，已跳过
[进项 第3135行] 采购订单号为空，已跳过
[进项 第3136行] 采购订单号为空，已跳过
[进项 第3137行] 采购订单号为空，已跳过
[进项 第3138行] 采购订单号为空，已跳过
[进项 第3139行] 采购订单号为空，已跳过
[进项 第3140行] 采购订单号为空，已跳过
[进项 第3141行] 采购订单号为空，已跳过
[进项 第3142行] 采购订单号为空，已跳过
[进项 第3143行] 采购订单号为空，已跳过
[进项 第3144行] 采购订单号为空，已跳过
[进项 第3145行] 采购订单号为空，已跳过
[进项 第3146行] 采购订单号为空，已跳过
[进项 第3147行] 采购订单号为空，已跳过
[进项 第3148行] 采购订单号为空，已跳过
[进项 第3149行] 采购订单号为空，已跳过
[进项 第3150行] 采购订单号为空，已跳过
[进项 第3151行] 采购订单号为空，已跳过
[进项 第3152行] 采购订单号为空，已跳过
[进项 第3153行] 采购订单号为空，已跳过
[进项 第3154行] 采购订单号为空，已跳过
[进项 第3155行] 采购订单号为空，已跳过
[进项 第3156行] 采购订单号为空，已跳过
[进项 第3157行] 采购订单号为空，已跳过
[进项 第3158行] 采购订单号为空，已跳过
[进项 第3159行] 采购订单号为空，已跳过
[进项 第3160行] 采购订单号为空，已跳过
[进项 第3161行] 采购订单号为空，已跳过
[进项 第3162行] 采购订单号为空，已跳过
[进项 第3163行] 采购订单号为空，已跳过
[进项 第3164行] 采购订单号为空，已跳过
[进项 第3165行] 采购订单号为空，已跳过
[进项 第3166行] 采购订单号为空，已跳过
[进项 第3167行] 采购订单号为空，已跳过
[进项 第3168行] 采购订单号为空，已跳过
[进项 第3169行] 采购订单号为空，已跳过
[进项 第3170行] 采购订单号为空，已跳过
[进项 第3171行] 采购订单号为空，已跳过
[进项 第3172行] 采购订单号为空，已跳过
[进项 第3173行] 采购订单号为空，已跳过
[进项 第3174行] 采购订单号为空，已跳过
[进项 第3175行] 采购订单号为空，已跳过
[进项 第3176行] 采购订单号为空，已跳过
[进项 第3177行] 采购订单号为空，已跳过
[进项 第3178行] 采购订单号为空，已跳过
[进项 第3179行] 采购订单号为空，已跳过
[进项 第3180行] 采购订单号为空，已跳过
[进项 第3181行] 采购订单号为空，已跳过
[进项 第3182行] 采购订单号为空，已跳过
[进项 第3183行] 采购订单号为空，已跳过
[进项 第3184行] 采购订单号为空，已跳过
[进项 第3185行] 采购订单号为空，已跳过
[进项 第3186行] 采购订单号为空，已跳过
[进项 第3187行] 采购订单号为空，已跳过
[进项 第3188行] 采购订单号为空，已跳过
[进项 第3189行] 采购订单号为空，已跳过
[进项 第3190行] 采购订单号为空，已跳过
[进项 第3191行] 采购订单号为空，已跳过
[进项 第3192行] 采购订单号为空，已跳过
[进项 第3193行] 采购订单号为空，已跳过
[进项 第3194行] 采购订单号为空，已跳过
[进项 第3195行] 采购订单号为空，已跳过
[进项 第3196行] 采购订单号为空，已跳过
[进项 第3197行] 采购订单号为空，已跳过
[进项 第3198行] 采购订单号为空，已跳过
[进项 第3199行] 采购订单号为空，已跳过
[进项 第3200行] 采购订单号为空，已跳过
[进项 第3201行] 采购订单号为空，已跳过
[进项 第3202行] 采购订单号为空，已跳过
[进项 第3203行] 采购订单号为空，已跳过
[进项 第3204行] 采购订单号为空，已跳过
[进项 第3205行] 采购订单号为空，已跳过
[进项 第3206行] 采购订单号为空，已跳过
[进项 第3207行] 采购订单号为空，已跳过
[进项 第3208行] 采购订单号为空，已跳过
[进项 第3209行] 采购订单号为空，已跳过
[进项 第3210行] 采购订单号为空，已跳过
[进项 第3211行] 采购订单号为空，已跳过
[进项 第3212行] 采购订单号为空，已跳过
[进项 第3213行] 采购订单号为空，已跳过
[进项 第3214行] 采购订单号为空，已跳过
[进项 第3215行] 采购订单号为空，已跳过
[进项 第3216行] 采购订单号为空，已跳过
[进项 第3217行] 采购订单号为空，已跳过
[进项 第3218行] 采购订单号为空，已跳过
[进项 第3219行] 采购订单号为空，已跳过
[进项 第3220行] 采购订单号为空，已跳过
[进项 第3221行] 采购订单号为空，已跳过
[进项 第3222行] 采购订单号为空，已跳过
[进项 第3223行] 采购订单号为空，已跳过
[进项 第3224行] 采购订单号为空，已跳过
[进项 第3225行] 采购订单号为空，已跳过
[进项 第3226行] 采购订单号为空，已跳过
[进项 第3227行] 采购订单号为空，已跳过
[进项 第3228行] 采购订单号为空，已跳过
[进项 第3229行] 采购订单号为空，已跳过
[进项 第3230行] 采购订单号为空，已跳过
[进项 第3231行] 采购订单号为空，已跳过
[进项 第3232行] 采购订单号为空，已跳过
[进项 第3233行] 采购订单号为空，已跳过
[进项 第3234行] 采购订单号为空，已跳过
[进项 第3235行] 采购订单号为空，已跳过
[进项 第3236行] 采购订单号为空，已跳过
[进项 第3237行] 采购订单号为空，已跳过
[进项 第3238行] 采购订单号为空，已跳过
[进项 第3239行] 采购订单号为空，已跳过
[进项 第3240行] 采购订单号为空，已跳过
[进项 第3241行] 采购订单号为空，已跳过
[进项 第3242行] 采购订单号为空，已跳过
[进项 第3243行] 采购订单号为空，已跳过
[进项 第3244行] 采购订单号为空，已跳过
[进项 第3245行] 采购订单号为空，已跳过
[进项 第3246行] 采购订单号为空，已跳过
[进项 第3247行] 采购订单号为空，已跳过
[进项 第3248行] 采购订单号为空，已跳过
[进项 第3249行] 采购订单号为空，已跳过
[进项 第3250行] 采购订单号为空，已跳过
[进项 第3251行] 采购订单号为空，已跳过
[进项 第3252行] 采购订单号为空，已跳过
[进项 第3253行] 采购订单号为空，已跳过
[进项 第3254行] 采购订单号为空，已跳过
[进项 第3255行] 采购订单号为空，已跳过
[进项 第3256行] 采购订单号为空，已跳过
[进项 第3257行] 采购订单号为空，已跳过
[进项 第3258行] 采购订单号为空，已跳过
[进项 第3259行] 采购订单号为空，已跳过
[进项 第3260行] 采购订单号为空，已跳过
[进项 第3261行] 采购订单号为空，已跳过
[进项 第3262行] 采购订单号为空，已跳过
[进项 第3263行] 采购订单号为空，已跳过
[进项 第3264行] 采购订单号为空，已跳过
[进项 第3265行] 采购订单号为空，已跳过
[进项 第3266行] 采购订单号为空，已跳过
[进项 第3267行] 采购订单号为空，已跳过
[进项 第3268行] 采购订单号为空，已跳过
[进项 第3269行] 采购订单号为空，已跳过
[进项 第3270行] 采购订单号为空，已跳过
[进项 第3271行] 采购订单号为空，已跳过
[进项 第3272行] 采购订单号为空，已跳过
[进项 第3273行] 采购订单号为空，已跳过
[进项 第3274行] 采购订单号为空，已跳过
[进项 第3275行] 采购订单号为空，已跳过
[进项 第3276行] 采购订单号为空，已跳过
[进项 第3277行] 采购订单号为空，已跳过
[进项 第3278行] 采购订单号为空，已跳过
[进项 第3279行] 采购订单号为空，已跳过
[进项 第3280行] 采购订单号为空，已跳过
[进项 第3281行] 采购订单号为空，已跳过
[进项 第3282行] 采购订单号为空，已跳过
[进项 第3283行] 采购订单号为空，已跳过
[进项 第3284行] 采购订单号为空，已跳过
[进项 第3285行] 采购订单号为空，已跳过
[进项 第3286行] 采购订单号为空，已跳过
[进项 第3287行] 采购订单号为空，已跳过
[进项 第3288行] 采购订单号为空，已跳过
[进项 第3289行] 采购订单号为空，已跳过
[进项 第3290行] 采购订单号为空，已跳过
[进项 第3291行] 采购订单号为空，已跳过
[进项 第3292行] 采购订单号为空，已跳过
[进项 第3293行] 采购订单号为空，已跳过
[进项 第3294行] 采购订单号为空，已跳过
[进项 第3295行] 采购订单号为空，已跳过
[进项 第3296行] 采购订单号为空，已跳过
[进项 第3297行] 采购订单号为空，已跳过
[进项 第3298行] 采购订单号为空，已跳过
[进项 第3299行] 采购订单号为空，已跳过
[进项 第3300行] 采购订单号为空，已跳过
[进项 第3301行] 采购订单号为空，已跳过
[进项 第3302行] 采购订单号为空，已跳过
[进项 第3303行] 采购订单号为空，已跳过
[进项 第3304行] 采购订单号为空，已跳过
[进项 第3305行] 采购订单号为空，已跳过
[进项 第3306行] 采购订单号为空，已跳过
[进项 第3307行] 采购订单号为空，已跳过
[进项 第3308行] 采购订单号为空，已跳过
[进项 第3309行] 采购订单号为空，已跳过
[进项 第3310行] 采购订单号为空，已跳过
[进项 第3311行] 采购订单号为空，已跳过
[进项 第3312行] 采购订单号为空，已跳过
[进项 第3313行] 采购订单号为空，已跳过
[进项 第3314行] 采购订单号为空，已跳过
[进项 第3315行] 采购订单号为空，已跳过
[进项 第3316行] 采购订单号为空，已跳过
[进项 第3317行] 采购订单号为空，已跳过
[进项 第3318行] 采购订单号为空，已跳过
[进项 第3319行] 采购订单号为空，已跳过
[进项 第3320行] 采购订单号为空，已跳过
[进项 第3321行] 采购订单号为空，已跳过
[进项 第3322行] 采购订单号为空，已跳过
[进项 第3323行] 采购订单号为空，已跳过
[进项 第3324行] 采购订单号为空，已跳过
[进项 第3325行] 采购订单号为空，已跳过
[进项 第3326行] 采购订单号为空，已跳过
[进项 第3327行] 采购订单号为空，已跳过
[进项 第3328行] 采购订单号为空，已跳过
[进项 第3329行] 采购订单号为空，已跳过
[进项 第3330行] 采购订单号为空，已跳过
[进项 第3331行] 采购订单号为空，已跳过
[进项 第3332行] 采购订单号为空，已跳过
[进项 第3333行] 采购订单号为空，已跳过
[进项 第3334行] 采购订单号为空，已跳过
[进项 第3335行] 采购订单号为空，已跳过
[进项 第3336行] 采购订单号为空，已跳过
[进项 第3337行] 采购订单号为空，已跳过
[进项 第3338行] 采购订单号为空，已跳过
[进项 第3339行] 采购订单号为空，已跳过
[进项 第3340行] 采购订单号为空，已跳过
[进项 第3341行] 采购订单号为空，已跳过
[进项 第3342行] 采购订单号为空，已跳过
[进项 第3343行] 采购订单号为空，已跳过
[进项 第3344行] 采购订单号为空，已跳过
[进项 第3345行] 采购订单号为空，已跳过
[进项 第3346行] 采购订单号为空，已跳过
[进项 第3347行] 采购订单号为空，已跳过
[进项 第3348行] 采购订单号为空，已跳过
[进项 第3349行] 采购订单号为空，已跳过
[进项 第3350行] 采购订单号为空，已跳过
[进项 第3351行] 采购订单号为空，已跳过
[进项 第3352行] 采购订单号为空，已跳过
[进项 第3353行] 采购订单号为空，已跳过
[进项 第3354行] 采购订单号为空，已跳过
[进项 第3355行] 采购订单号为空，已跳过
[进项 第3356行] 采购订单号为空，已跳过
[进项 第3357行] 采购订单号为空，已跳过
[进项 第3358行] 采购订单号为空，已跳过
[进项 第3359行] 采购订单号为空，已跳过
[进项 第3360行] 采购订单号为空，已跳过
[进项 第3361行] 采购订单号为空，已跳过
[进项 第3362行] 采购订单号为空，已跳过
[进项 第3363行] 采购订单号为空，已跳过
[进项 第3364行] 采购订单号为空，已跳过
[进项 第3365行] 采购订单号为空，已跳过
[进项 第3366行] 采购订单号为空，已跳过
[进项 第3367行] 采购订单号为空，已跳过
[进项 第3368行] 采购订单号为空，已跳过
[进项 第3369行] 采购订单号为空，已跳过
[进项 第3370行] 采购订单号为空，已跳过
[进项 第3371行] 采购订单号为空，已跳过
[进项 第3372行] 采购订单号为空，已跳过
[进项 第3373行] 采购订单号为空，已跳过
[进项 第3374行] 采购订单号为空，已跳过
[进项 第3375行] 采购订单号为空，已跳过
[进项 第3376行] 采购订单号为空，已跳过
[进项 第3377行] 采购订单号为空，已跳过
[进项 第3378行] 采购订单号为空，已跳过
[进项 第3379行] 采购订单号为空，已跳过
[进项 第3380行] 采购订单号为空，已跳过
[进项 第3381行] 采购订单号为空，已跳过
[进项 第3382行] 采购订单号为空，已跳过
[进项 第3383行] 采购订单号为空，已跳过
[进项 第3384行] 采购订单号为空，已跳过
[进项 第3385行] 采购订单号为空，已跳过
[进项 第3386行] 采购订单号为空，已跳过
[进项 第3387行] 采购订单号为空，已跳过
[进项 第3388行] 采购订单号为空，已跳过
[进项 第3389行] 采购订单号为空，已跳过
[进项 第3390行] 采购订单号为空，已跳过
[进项 第3391行] 采购订单号为空，已跳过
[进项 第3392行] 采购订单号为空，已跳过
[进项 第3393行] 采购订单号为空，已跳过
[进项 第3394行] 采购订单号为空，已跳过
[进项 第3395行] 采购订单号为空，已跳过
[进项 第3396行] 采购订单号为空，已跳过
[进项 第3397行] 采购订单号为空，已跳过
[进项 第3398行] 采购订单号为空，已跳过
[进项 第3399行] 采购订单号为空，已跳过
[进项 第3400行] 采购订单号为空，已跳过
[进项 第3401行] 采购订单号为空，已跳过
[进项 第3402行] 采购订单号为空，已跳过
[进项 第3403行] 采购订单号为空，已跳过
[进项 第3404行] 采购订单号为空，已跳过
[进项 第3405行] 采购订单号为空，已跳过
[进项 第3406行] 采购订单号为空，已跳过
[进项 第3407行] 采购订单号为空，已跳过
[进项 第3408行] 采购订单号为空，已跳过
[进项 第3409行] 采购订单号为空，已跳过
[进项 第3410行] 采购订单号为空，已跳过
[进项 第3411行] 采购订单号为空，已跳过
[进项 第3412行] 采购订单号为空，已跳过
[进项 第3413行] 采购订单号为空，已跳过
[进项 第3414行] 采购订单号为空，已跳过
[进项 第3415行] 采购订单号为空，已跳过
[进项 第3416行] 采购订单号为空，已跳过
[进项 第3417行] 采购订单号为空，已跳过
[进项 第3418行] 采购订单号为空，已跳过
[进项 第3419行] 采购订单号为空，已跳过
[进项 第3420行] 采购订单号为空，已跳过
[进项 第3421行] 采购订单号为空，已跳过
[进项 第3422行] 采购订单号为空，已跳过
[进项 第3423行] 采购订单号为空，已跳过
[进项 第3424行] 采购订单号为空，已跳过
[进项 第3425行] 采购订单号为空，已跳过
[进项 第3426行] 采购订单号为空，已跳过
[进项 第3427行] 采购订单号为空，已跳过
[进项 第3428行] 采购订单号为空，已跳过
[进项 第3429行] 采购订单号为空，已跳过
[进项 第3430行] 采购订单号为空，已跳过
[进项 第3431行] 采购订单号为空，已跳过
[进项 第3432行] 采购订单号为空，已跳过
[进项 第3433行] 采购订单号为空，已跳过
[进项 第3434行] 采购订单号为空，已跳过
[进项 第3435行] 采购订单号为空，已跳过
[进项 第3436行] 采购订单号为空，已跳过
[进项 第3437行] 采购订单号为空，已跳过
[进项 第3438行] 采购订单号为空，已跳过
[进项 第3439行] 采购订单号为空，已跳过
[进项 第3440行] 采购订单号为空，已跳过
[进项 第3441行] 采购订单号为空，已跳过
[进项 第3442行] 采购订单号为空，已跳过
[进项 第3443行] 采购订单号为空，已跳过
[进项 第3444行] 采购订单号为空，已跳过
[进项 第3445行] 采购订单号为空，已跳过
[进项 第3446行] 采购订单号为空，已跳过
[进项 第3447行] 采购订单号为空，已跳过
[进项 第3448行] 采购订单号为空，已跳过
[进项 第3449行] 采购订单号为空，已跳过
[进项 第3450行] 采购订单号为空，已跳过
[进项 第3451行] 采购订单号为空，已跳过
[进项 第3452行] 采购订单号为空，已跳过
[进项 第3453行] 采购订单号为空，已跳过
[进项 第3454行] 采购订单号为空，已跳过
[进项 第3455行] 采购订单号为空，已跳过
[进项 第3456行] 采购订单号为空，已跳过
[进项 第3457行] 采购订单号为空，已跳过
[进项 第3458行] 采购订单号为空，已跳过
[进项 第3459行] 采购订单号为空，已跳过
[进项 第3460行] 采购订单号为空，已跳过
[进项 第3461行] 采购订单号为空，已跳过
[进项 第3462行] 采购订单号为空，已跳过
[进项 第3463行] 采购订单号为空，已跳过
[进项 第3464行] 采购订单号为空，已跳过
[进项 第3465行] 采购订单号为空，已跳过
[进项 第3466行] 采购订单号为空，已跳过
[进项 第3467行] 采购订单号为空，已跳过
[进项 第3468行] 采购订单号为空，已跳过
[进项 第3469行] 采购订单号为空，已跳过
[进项 第3470行] 采购订单号为空，已跳过
[进项 第3471行] 采购订单号为空，已跳过
[进项 第3472行] 采购订单号为空，已跳过
[进项 第3473行] 采购订单号为空，已跳过
[进项 第3474行] 采购订单号为空，已跳过
[进项 第3475行] 采购订单号为空，已跳过
[进项 第3476行] 采购订单号为空，已跳过
[进项 第3477行] 采购订单号为空，已跳过
[进项 第3478行] 采购订单号为空，已跳过
[进项 第3479行] 采购订单号为空，已跳过
[进项 第3480行] 采购订单号为空，已跳过
[进项 第3481行] 采购订单号为空，已跳过
[进项 第3482行] 采购订单号为空，已跳过
[进项 第3483行] 采购订单号为空，已跳过
[进项 第3484行] 采购订单号为空，已跳过
[进项 第3485行] 采购订单号为空，已跳过
[进项 第3486行] 采购订单号为空，已跳过
[进项 第3487行] 采购订单号为空，已跳过
[进项 第3488行] 采购订单号为空，已跳过
[进项 第3489行] 采购订单号为空，已跳过
[进项 第3490行] 采购订单号为空，已跳过
[进项 第3491行] 采购订单号为空，已跳过
[进项 第3492行] 采购订单号为空，已跳过
[进项 第3493行] 采购订单号为空，已跳过
[进项 第3494行] 采购订单号为空，已跳过
[进项 第3495行] 采购订单号为空，已跳过
[进项 第3496行] 采购订单号为空，已跳过
[进项 第3497行] 采购订单号为空，已跳过
[进项 第3498行] 采购订单号为空，已跳过
[进项 第3499行] 采购订单号为空，已跳过
[进项 第3500行] 采购订单号为空，已跳过
[进项 第3501行] 采购订单号为空，已跳过
[进项 第3502行] 采购订单号为空，已跳过
[进项 第3503行] 采购订单号为空，已跳过
[进项 第3504行] 采购订单号为空，已跳过
[进项 第3505行] 采购订单号为空，已跳过
[进项 第3506行] 采购订单号为空，已跳过
[进项 第3507行] 采购订单号为空，已跳过
[进项 第3508行] 采购订单号为空，已跳过
[进项 第3509行] 采购订单号为空，已跳过
[进项 第3510行] 采购订单号为空，已跳过
[进项 第3511行] 采购订单号为空，已跳过
[进项 第3512行] 采购订单号为空，已跳过
[进项 第3513行] 采购订单号为空，已跳过
[进项 第3514行] 采购订单号为空，已跳过
[进项 第3515行] 采购订单号为空，已跳过
[进项 第3516行] 采购订单号为空，已跳过
[进项 第3517行] 采购订单号为空，已跳过
[进项 第3518行] 采购订单号为空，已跳过
[进项 第3519行] 采购订单号为空，已跳过
[进项 第3520行] 采购订单号为空，已跳过
[进项 第3521行] 采购订单号为空，已跳过
[进项 第3522行] 采购订单号为空，已跳过
[进项 第3523行] 采购订单号为空，已跳过
[进项 第3524行] 采购订单号为空，已跳过
[进项 第3525行] 采购订单号为空，已跳过
[进项 第3526行] 采购订单号为空，已跳过
[进项 第3527行] 采购订单号为空，已跳过
[进项 第3528行] 采购订单号为空，已跳过
[进项 第3529行] 采购订单号为空，已跳过
[进项 第3530行] 采购订单号为空，已跳过
[进项 第3531行] 采购订单号为空，已跳过
[进项 第3532行] 采购订单号为空，已跳过
[进项 第3533行] 采购订单号为空，已跳过
[进项 第3534行] 采购订单号为空，已跳过
[进项 第3535行] 采购订单号为空，已跳过
[进项 第3536行] 采购订单号为空，已跳过
[进项 第3537行] 采购订单号为空，已跳过
[进项 第3538行] 采购订单号为空，已跳过
[进项 第3539行] 采购订单号为空，已跳过
[进项 第3540行] 采购订单号为空，已跳过
[进项 第3541行] 采购订单号为空，已跳过
[进项 第3542行] 采购订单号为空，已跳过
[进项 第3543行] 采购订单号为空，已跳过
[进项 第3544行] 采购订单号为空，已跳过
[进项 第3545行] 采购订单号为空，已跳过
[进项 第3546行] 采购订单号为空，已跳过
[进项 第3547行] 采购订单号为空，已跳过
[进项 第3548行] 采购订单号为空，已跳过
[进项 第3549行] 采购订单号为空，已跳过
[进项 第3550行] 采购订单号为空，已跳过
[进项 第3551行] 采购订单号为空，已跳过
[进项 第3552行] 采购订单号为空，已跳过
[进项 第3553行] 采购订单号为空，已跳过
[进项 第3554行] 采购订单号为空，已跳过
[进项 第3555行] 采购订单号为空，已跳过
[进项 第3556行] 采购订单号为空，已跳过
[进项 第3557行] 采购订单号为空，已跳过
[进项 第3558行] 采购订单号为空，已跳过
[进项 第3559行] 采购订单号为空，已跳过
[进项 第3560行] 采购订单号为空，已跳过
[进项 第3561行] 采购订单号为空，已跳过
[进项 第3562行] 采购订单号为空，已跳过
[进项 第3563行] 采购订单号为空，已跳过
[进项 第3564行] 采购订单号为空，已跳过
[进项 第3565行] 采购订单号为空，已跳过
[进项 第3566行] 采购订单号为空，已跳过
[进项 第3567行] 采购订单号为空，已跳过
[进项 第3568行] 采购订单号为空，已跳过
[进项 第3569行] 采购订单号为空，已跳过
[进项 第3570行] 采购订单号为空，已跳过
[进项 第3571行] 采购订单号为空，已跳过
[进项 第3572行] 采购订单号为空，已跳过
[进项 第3573行] 采购订单号为空，已跳过
[进项 第3574行] 采购订单号为空，已跳过
[进项 第3575行] 采购订单号为空，已跳过
[进项 第3576行] 采购订单号为空，已跳过
[进项 第3577行] 采购订单号为空，已跳过
[进项 第3578行] 采购订单号为空，已跳过
[进项 第3579行] 采购订单号为空，已跳过
[进项 第3580行] 采购订单号为空，已跳过
[进项 第3581行] 采购订单号为空，已跳过
[进项 第3582行] 采购订单号为空，已跳过
[进项 第3583行] 采购订单号为空，已跳过
[进项 第3584行] 采购订单号为空，已跳过
[进项 第3585行] 采购订单号为空，已跳过
[进项 第3586行] 采购订单号为空，已跳过
[进项 第3587行] 采购订单号为空，已跳过
[进项 第3588行] 采购订单号为空，已跳过
[进项 第3589行] 采购订单号为空，已跳过
[进项 第3590行] 采购订单号为空，已跳过
[进项 第3591行] 采购订单号为空，已跳过
[进项 第3592行] 采购订单号为空，已跳过
[进项 第3593行] 采购订单号为空，已跳过
[进项 第3594行] 采购订单号为空，已跳过
[销售 第5820行] 客户或产品编码未匹配，已跳过
[销售 第5821行] 客户或产品编码未匹配，已跳过
[销售 第5822行] 客户或产品编码未匹配，已跳过
[入库 第3057行] 采购单号未匹配，已跳过
[入库 第3058行] 采购单号未匹配，已跳过
[入库 第3059行] 采购单号未匹配，已跳过
[入库 第3060行] 采购单号未匹配，已跳过
[入库 第3061行] 采购单号未匹配，已跳过
[入库 第3062行] 采购单号未匹配，已跳过
[入库 第3063行] 采购单号未匹配，已跳过
[入库 第3064行] 采购单号未匹配，已跳过
[入库 第3065行] 采购单号未匹配，已跳过
[入库 第3066行] 采购单号未匹配，已跳过
[入库 第3067行] 采购单号未匹配，已跳过
[入库 第3068行] 采购单号未匹配，已跳过
[入库 第3069行] 采购单号未匹配，已跳过
[入库 第3070行] 采购单号未匹配，已跳过
[入库 第3071行] 采购单号未匹配，已跳过
[入库 第3072行] 采购单号未匹配，已跳过
[入库 第3073行] 采购单号未匹配，已跳过
[入库 第3074行] 采购单号未匹配，已跳过
[入库 第3075行] 采购单号未匹配，已跳过
[入库 第3076行] 采购单号未匹配，已跳过
[入库 第3077行] 采购单号未匹配，已跳过
[入库 第3078行] 采购单号未匹配，已跳过
[入库 第3079行] 采购单号未匹配，已跳过
[入库 第3080行] 采购单号未匹配，已跳过
[入库 第3081行] 采购单号未匹配，已跳过
[入库 第3082行] 采购单号未匹配，已跳过
[入库 第3083行] 采购单号未匹配，已跳过
[入库 第3084行] 采购单号未匹配，已跳过
[入库 第3085行] 采购单号未匹配，已跳过
[入库 第3086行] 采购单号未匹配，已跳过
[入库 第3087行] 采购单号未匹配，已跳过
[入库 第3088行] 采购单号未匹配，已跳过
[入库 第3089行] 采购单号未匹配，已跳过
[入库 第3090行] 采购单号未匹配，已跳过
[入库 第3091行] 采购单号未匹配，已跳过
[入库 第3092行] 采购单号未匹配，已跳过
[入库 第3093行] 采购单号未匹配，已跳过
[入库 第3094行] 采购单号未匹配，已跳过
[入库 第3095行] 采购单号未匹配，已跳过
[入库 第3096行] 采购单号未匹配，已跳过
[入库 第3097行] 采购单号未匹配，已跳过
[入库 第3098行] 采购单号未匹配，已跳过
[入库 第3099行] 采购单号未匹配，已跳过
[入库 第3100行] 采购单号未匹配，已跳过
[入库 第3101行] 采购单号未匹配，已跳过
[入库 第3102行] 采购单号未匹配，已跳过
[入库 第3103行] 采购单号未匹配，已跳过
[入库 第3104行] 采购单号未匹配，已跳过
[入库 第3105行] 采购单号未匹配，已跳过
[入库 第3106行] 采购单号未匹配，已跳过
[入库 第3107行] 采购单号未匹配，已跳过
[入库 第3108行] 采购单号未匹配，已跳过
[入库 第3109行] 采购单号未匹配，已跳过
[入库 第3110行] 采购单号未匹配，已跳过
[入库 第3111行] 采购单号未匹配，已跳过
[入库 第3112行] 采购单号未匹配，已跳过
[入库 第3113行] 采购单号未匹配，已跳过
[入库 第3114行] 采购单号未匹配，已跳过
[入库 第3115行] 采购单号未匹配，已跳过
[入库 第3116行] 采购单号未匹配，已跳过
[入库 第3117行] 采购单号未匹配，已跳过
[入库 第3118行] 采购单号未匹配，已跳过
[入库 第3119行] 采购单号未匹配，已跳过
[入库 第3120行] 采购单号未匹配，已跳过
[入库 第3121行] 采购单号未匹配，已跳过
[入库 第3122行] 采购单号未匹配，已跳过
[入库 第3123行] 采购单号未匹配，已跳过
[入库 第3124行] 采购单号未匹配，已跳过
[入库 第3125行] 采购单号未匹配，已跳过
[入库 第3126行] 采购单号未匹配，已跳过
[入库 第3127行] 采购单号未匹配，已跳过
[入库 第3128行] 采购单号未匹配，已跳过
[入库 第3129行] 采购单号未匹配，已跳过
[入库 第3130行] 采购单号未匹配，已跳过
[入库 第3131行] 采购单号未匹配，已跳过
[入库 第3132行] 采购单号未匹配，已跳过
[入库 第3133行] 采购单号未匹配，已跳过
[入库 第3134行] 采购单号未匹配，已跳过
[入库 第3135行] 采购单号未匹配，已跳过
[入库 第3136行] 采购单号未匹配，已跳过
[入库 第3137行] 采购单号未匹配，已跳过
[入库 第3138行] 采购单号未匹配，已跳过
[入库 第3139行] 采购单号未匹配，已跳过
[入库 第3140行] 采购单号未匹配，已跳过
[入库 第3141行] 采购单号未匹配，已跳过
[入库 第3142行] 采购单号未匹配，已跳过
[入库 第3143行] 采购单号未匹配，已跳过
[入库 第3144行] 采购单号未匹配，已跳过
[入库 第3145行] 采购单号未匹配，已跳过
[入库 第3146行] 采购单号未匹配，已跳过
[入库 第3147行] 采购单号未匹配，已跳过
[入库 第3148行] 采购单号未匹配，已跳过
[入库 第3149行] 采购单号未匹配，已跳过
[入库 第3150行] 采购单号未匹配，已跳过
[入库 第3151行] 采购单号未匹配，已跳过
[入库 第3152行] 采购单号未匹配，已跳过
[入库 第3153行] 采购单号未匹配，已跳过
[入库 第3154行] 采购单号未匹配，已跳过
[入库 第3155行] 采购单号未匹配，已跳过
[入库 第3156行] 采购单号未匹配，已跳过
[入库 第3157行] 采购单号未匹配，已跳过
[入库 第3158行] 采购单号未匹配，已跳过
[入库 第3159行] 采购单号未匹配，已跳过
[入库 第3160行] 采购单号未匹配，已跳过
[入库 第3161行] 采购单号未匹配，已跳过
[入库 第3162行] 采购单号未匹配，已跳过
[入库 第3163行] 采购单号未匹配，已跳过
[入库 第3164行] 采购单号未匹配，已跳过
[入库 第3165行] 采购单号未匹配，已跳过
[入库 第3166行] 采购单号未匹配，已跳过
[入库 第3167行] 采购单号未匹配，已跳过
[入库 第3168行] 采购单号未匹配，已跳过
[入库 第3169行] 采购单号未匹配，已跳过
[入库 第3170行] 采购单号未匹配，已跳过
[入库 第3171行] 采购单号未匹配，已跳过
[入库 第3172行] 采购单号未匹配，已跳过
[入库 第3173行] 采购单号未匹配，已跳过
[入库 第3174行] 采购单号未匹配，已跳过
[入库 第3175行] 采购单号未匹配，已跳过
[入库 第3176行] 采购单号未匹配，已跳过
[入库 第3177行] 采购单号未匹配，已跳过
[入库 第3178行] 采购单号未匹配，已跳过
[入库 第3179行] 采购单号未匹配，已跳过
[入库 第3180行] 采购单号未匹配，已跳过
[入库 第3181行] 采购单号未匹配，已跳过
[入库 第3182行] 采购单号未匹配，已跳过
[入库 第3183行] 采购单号未匹配，已跳过
[入库 第3184行] 采购单号未匹配，已跳过
[入库 第3185行] 采购单号未匹配，已跳过
[入库 第3186行] 采购单号未匹配，已跳过
[入库 第3187行] 采购单号未匹配，已跳过
[入库 第3188行] 采购单号未匹配，已跳过
[入库 第3189行] 采购单号未匹配，已跳过
[入库 第3190行] 采购单号未匹配，已跳过
[入库 第3191行] 采购单号未匹配，已跳过
[入库 第3192行] 采购单号未匹配，已跳过
[入库 第3193行] 采购单号未匹配，已跳过
[入库 第3194行] 采购单号未匹配，已跳过
[入库 第3195行] 采购单号未匹配，已跳过
[入库 第3196行] 采购单号未匹配，已跳过
[入库 第3197行] 采购单号未匹配，已跳过
[入库 第3198行] 采购单号未匹配，已跳过
[入库 第3199行] 采购单号未匹配，已跳过
[入库 第3200行] 采购单号未匹配，已跳过
[入库 第3201行] 采购单号未匹配，已跳过
[入库 第3202行] 采购单号未匹配，已跳过
[入库 第3203行] 采购单号未匹配，已跳过
[入库 第3204行] 采购单号未匹配，已跳过
[入库 第3205行] 采购单号未匹配，已跳过
[入库 第3206行] 采购单号未匹配，已跳过
[入库 第3207行] 采购单号未匹配，已跳过
[入库 第3208行] 采购单号未匹配，已跳过
[入库 第3209行] 采购单号未匹配，已跳过
[入库 第3210行] 采购单号未匹配，已跳过
[入库 第3211行] 采购单号未匹配，已跳过
[入库 第3212行] 采购单号未匹配，已跳过
[入库 第3213行] 采购单号未匹配，已跳过
[入库 第3214行] 采购单号未匹配，已跳过
[入库 第3215行] 采购单号未匹配，已跳过
[入库 第3216行] 采购单号未匹配，已跳过
[入库 第3217行] 采购单号未匹配，已跳过
[入库 第3218行] 采购单号未匹配，已跳过
[入库 第3219行] 采购单号未匹配，已跳过
[入库 第3220行] 采购单号未匹配，已跳过
[入库 第3221行] 采购单号未匹配，已跳过
[入库 第3222行] 采购单号未匹配，已跳过
[入库 第3223行] 采购单号未匹配，已跳过
[入库 第3224行] 采购单号未匹配，已跳过
[入库 第3225行] 采购单号未匹配，已跳过
[入库 第3226行] 采购单号未匹配，已跳过
[入库 第3227行] 采购单号未匹配，已跳过
[入库 第3228行] 采购单号未匹配，已跳过
[入库 第3229行] 采购单号未匹配，已跳过
[入库 第3230行] 采购单号未匹配，已跳过
[入库 第3231行] 采购单号未匹配，已跳过
[入库 第3232行] 采购单号未匹配，已跳过
[入库 第3233行] 采购单号未匹配，已跳过
[入库 第3234行] 采购单号未匹配，已跳过
[入库 第3235行] 采购单号未匹配，已跳过
[入库 第3236行] 采购单号未匹配，已跳过
[入库 第3237行] 采购单号未匹配，已跳过
[入库 第3238行] 采购单号未匹配，已跳过
[入库 第3239行] 采购单号未匹配，已跳过
[入库 第3240行] 采购单号未匹配，已跳过
[入库 第3241行] 采购单号未匹配，已跳过
[入库 第3242行] 采购单号未匹配，已跳过
[入库 第3243行] 采购单号未匹配，已跳过
[入库 第3244行] 采购单号未匹配，已跳过
[入库 第3245行] 采购单号未匹配，已跳过
[入库 第3246行] 采购单号未匹配，已跳过
[入库 第3247行] 采购单号未匹配，已跳过
[入库 第3248行] 采购单号未匹配，已跳过
[入库 第3249行] 采购单号未匹配，已跳过
[入库 第3250行] 采购单号未匹配，已跳过
[入库 第3251行] 采购单号未匹配，已跳过
[入库 第3252行] 采购单号未匹配，已跳过
[入库 第3253行] 采购单号未匹配，已跳过
[入库 第3254行] 采购单号未匹配，已跳过
[入库 第3255行] 采购单号未匹配，已跳过
[入库 第3256行] 采购单号未匹配，已跳过
[入库 第3257行] 采购单号未匹配，已跳过
[入库 第3258行] 采购单号未匹配，已跳过
[入库 第3259行] 采购单号未匹配，已跳过
[入库 第3260行] 采购单号未匹配，已跳过
[入库 第3261行] 采购单号未匹配，已跳过
[入库 第3262行] 采购单号未匹配，已跳过
[入库 第3263行] 采购单号未匹配，已跳过
[入库 第3264行] 采购单号未匹配，已跳过
[入库 第3265行] 采购单号未匹配，已跳过
[入库 第3266行] 采购单号未匹配，已跳过
[入库 第3267行] 采购单号未匹配，已跳过
[入库 第3268行] 采购单号未匹配，已跳过
[入库 第3269行] 采购单号未匹配，已跳过
[入库 第3270行] 采购单号未匹配，已跳过
[入库 第3271行] 采购单号未匹配，已跳过
[入库 第3272行] 采购单号未匹配，已跳过
[入库 第3273行] 采购单号未匹配，已跳过
[入库 第3274行] 采购单号未匹配，已跳过
[入库 第3275行] 采购单号未匹配，已跳过
[入库 第3276行] 采购单号未匹配，已跳过
[入库 第3277行] 采购单号未匹配，已跳过
[入库 第3278行] 采购单号未匹配，已跳过
[入库 第3279行] 采购单号未匹配，已跳过
[入库 第3280行] 采购单号未匹配，已跳过
[入库 第3281行] 采购单号未匹配，已跳过
[入库 第3282行] 采购单号未匹配，已跳过
[入库 第3283行] 采购单号未匹配，已跳过
[入库 第3284行] 采购单号未匹配，已跳过
[入库 第3285行] 采购单号未匹配，已跳过
[入库 第3286行] 采购单号未匹配，已跳过
[入库 第3287行] 采购单号未匹配，已跳过
[入库 第3288行] 采购单号未匹配，已跳过
[入库 第3289行] 采购单号未匹配，已跳过
[入库 第3290行] 采购单号未匹配，已跳过
[入库 第3291行] 采购单号未匹配，已跳过
[入库 第3292行] 采购单号未匹配，已跳过
[入库 第3293行] 采购单号未匹配，已跳过
[入库 第3294行] 采购单号未匹配，已跳过
[入库 第3295行] 采购单号未匹配，已跳过
[入库 第3296行] 采购单号未匹配，已跳过
[入库 第3297行] 采购单号未匹配，已跳过
[入库 第3298行] 采购单号未匹配，已跳过
[入库 第3299行] 采购单号未匹配，已跳过
[入库 第3300行] 采购单号未匹配，已跳过
[入库 第3301行] 采购单号未匹配，已跳过
[入库 第3302行] 采购单号未匹配，已跳过
[入库 第3303行] 采购单号未匹配，已跳过
[入库 第3304行] 采购单号未匹配，已跳过
[入库 第3305行] 采购单号未匹配，已跳过
[入库 第3306行] 采购单号未匹配，已跳过
[入库 第3307行] 采购单号未匹配，已跳过
[入库 第3308行] 采购单号未匹配，已跳过
[入库 第3309行] 采购单号未匹配，已跳过
[入库 第3310行] 采购单号未匹配，已跳过
[入库 第3311行] 采购单号未匹配，已跳过
[入库 第3312行] 采购单号未匹配，已跳过
[入库 第3313行] 采购单号未匹配，已跳过
[入库 第3314行] 采购单号未匹配，已跳过
[入库 第3315行] 采购单号未匹配，已跳过
[入库 第3316行] 采购单号未匹配，已跳过
[入库 第3317行] 采购单号未匹配，已跳过
[入库 第3318行] 采购单号未匹配，已跳过
[入库 第3319行] 采购单号未匹配，已跳过
[入库 第3320行] 采购单号未匹配，已跳过
[入库 第3321行] 采购单号未匹配，已跳过
[入库 第3322行] 采购单号未匹配，已跳过
[入库 第3323行] 采购单号未匹配，已跳过
[入库 第3324行] 采购单号未匹配，已跳过
[入库 第3325行] 采购单号未匹配，已跳过
[入库 第3326行] 采购单号未匹配，已跳过
[入库 第3327行] 采购单号未匹配，已跳过
[入库 第3328行] 采购单号未匹配，已跳过
[入库 第3329行] 采购单号未匹配，已跳过
[入库 第3330行] 采购单号未匹配，已跳过
[入库 第3331行] 采购单号未匹配，已跳过
[入库 第3332行] 采购单号未匹配，已跳过
[入库 第3333行] 采购单号未匹配，已跳过
[入库 第3334行] 采购单号未匹配，已跳过
[入库 第3335行] 采购单号未匹配，已跳过
[入库 第3336行] 采购单号未匹配，已跳过
[入库 第3337行] 采购单号未匹配，已跳过
[入库 第3338行] 采购单号未匹配，已跳过
[入库 第3339行] 采购单号未匹配，已跳过
[入库 第3340行] 采购单号未匹配，已跳过
[入库 第3341行] 采购单号未匹配，已跳过
[入库 第3342行] 采购单号未匹配，已跳过
[入库 第3343行] 采购单号未匹配，已跳过
[入库 第3344行] 采购单号未匹配，已跳过
[入库 第3345行] 采购单号未匹配，已跳过
[入库 第3346行] 采购单号未匹配，已跳过
[入库 第3347行] 采购单号未匹配，已跳过
[入库 第3348行] 采购单号未匹配，已跳过
[入库 第3349行] 采购单号未匹配，已跳过
[入库 第3350行] 采购单号未匹配，已跳过
[入库 第3351行] 采购单号未匹配，已跳过
[入库 第3352行] 采购单号未匹配，已跳过
[入库 第3353行] 采购单号未匹配，已跳过
[入库 第3354行] 采购单号未匹配，已跳过
[入库 第3355行] 采购单号未匹配，已跳过
[入库 第3356行] 采购单号未匹配，已跳过
[入库 第3357行] 采购单号未匹配，已跳过
[入库 第3358行] 采购单号未匹配，已跳过
[入库 第3359行] 采购单号未匹配，已跳过
[入库 第3360行] 采购单号未匹配，已跳过
[入库 第3361行] 采购单号未匹配，已跳过
[入库 第3362行] 采购单号未匹配，已跳过
[入库 第3363行] 采购单号未匹配，已跳过
[入库 第3364行] 采购单号未匹配，已跳过
[入库 第3365行] 采购单号未匹配，已跳过
[入库 第3366行] 采购单号未匹配，已跳过
[入库 第3367行] 采购单号未匹配，已跳过
[入库 第3368行] 采购单号未匹配，已跳过
[入库 第3369行] 采购单号未匹配，已跳过
[入库 第3370行] 采购单号未匹配，已跳过
[入库 第3371行] 采购单号未匹配，已跳过
[入库 第3372行] 采购单号未匹配，已跳过
[入库 第3373行] 采购单号未匹配，已跳过
[入库 第3374行] 采购单号未匹配，已跳过
[入库 第3375行] 采购单号未匹配，已跳过
[入库 第3376行] 采购单号未匹配，已跳过
[入库 第3377行] 采购单号未匹配，已跳过
[入库 第3378行] 采购单号未匹配，已跳过
[入库 第3379行] 采购单号未匹配，已跳过
[入库 第3380行] 采购单号未匹配，已跳过
[入库 第3381行] 采购单号未匹配，已跳过
[入库 第3382行] 采购单号未匹配，已跳过
[入库 第3383行] 采购单号未匹配，已跳过
[入库 第3384行] 采购单号未匹配，已跳过
[入库 第3385行] 采购单号未匹配，已跳过
[入库 第3386行] 采购单号未匹配，已跳过
[入库 第3387行] 采购单号未匹配，已跳过
[入库 第3388行] 采购单号未匹配，已跳过
[入库 第3389行] 采购单号未匹配，已跳过
[入库 第3390行] 采购单号未匹配，已跳过
[入库 第3391行] 采购单号未匹配，已跳过
[入库 第3392行] 采购单号未匹配，已跳过
[入库 第3393行] 采购单号未匹配，已跳过
[入库 第3394行] 采购单号未匹配，已跳过
[入库 第3395行] 采购单号未匹配，已跳过
[入库 第3396行] 采购单号未匹配，已跳过
[入库 第3397行] 采购单号未匹配，已跳过
[入库 第3398行] 采购单号未匹配，已跳过
[入库 第3399行] 采购单号未匹配，已跳过
[入库 第3400行] 采购单号未匹配，已跳过
[入库 第3401行] 采购单号未匹配，已跳过
[入库 第3402行] 采购单号未匹配，已跳过
[入库 第3403行] 采购单号未匹配，已跳过
[入库 第3404行] 采购单号未匹配，已跳过
[入库 第3405行] 采购单号未匹配，已跳过
[入库 第3406行] 采购单号未匹配，已跳过
[入库 第3407行] 采购单号未匹配，已跳过
[入库 第3408行] 采购单号未匹配，已跳过
[入库 第3409行] 采购单号未匹配，已跳过
[入库 第3410行] 采购单号未匹配，已跳过
[入库 第3411行] 采购单号未匹配，已跳过
[入库 第3412行] 采购单号未匹配，已跳过
[入库 第3413行] 采购单号未匹配，已跳过
[入库 第3414行] 采购单号未匹配，已跳过
[入库 第3415行] 采购单号未匹配，已跳过
[入库 第3416行] 采购单号未匹配，已跳过
[入库 第3417行] 采购单号未匹配，已跳过
[入库 第3418行] 采购单号未匹配，已跳过
[入库 第3419行] 采购单号未匹配，已跳过
[入库 第3420行] 采购单号未匹配，已跳过
[入库 第3421行] 采购单号未匹配，已跳过
[入库 第3422行] 采购单号未匹配，已跳过
[入库 第3423行] 采购单号未匹配，已跳过
[入库 第3424行] 采购单号未匹配，已跳过
[入库 第3425行] 采购单号未匹配，已跳过
[入库 第3426行] 采购单号未匹配，已跳过
[入库 第3427行] 采购单号未匹配，已跳过
[入库 第3428行] 采购单号未匹配，已跳过
[入库 第3429行] 采购单号未匹配，已跳过
[入库 第3430行] 采购单号未匹配，已跳过
[入库 第3431行] 采购单号未匹配，已跳过
[入库 第3432行] 采购单号未匹配，已跳过
[入库 第3433行] 采购单号未匹配，已跳过
[入库 第3434行] 采购单号未匹配，已跳过
[入库 第3435行] 采购单号未匹配，已跳过
[入库 第3436行] 采购单号未匹配，已跳过
[入库 第3437行] 采购单号未匹配，已跳过
[入库 第3438行] 采购单号未匹配，已跳过
[入库 第3439行] 采购单号未匹配，已跳过
[入库 第3440行] 采购单号未匹配，已跳过
[入库 第3441行] 采购单号未匹配，已跳过
[入库 第3442行] 采购单号未匹配，已跳过
[入库 第3443行] 采购单号未匹配，已跳过
[入库 第3444行] 采购单号未匹配，已跳过
[入库 第3445行] 采购单号未匹配，已跳过
[入库 第3446行] 采购单号未匹配，已跳过
[入库 第3447行] 采购单号未匹配，已跳过
[入库 第3448行] 采购单号未匹配，已跳过
[入库 第3449行] 采购单号未匹配，已跳过
[入库 第3450行] 采购单号未匹配，已跳过
[入库 第3451行] 采购单号未匹配，已跳过
[入库 第3452行] 采购单号未匹配，已跳过
[入库 第3453行] 采购单号未匹配，已跳过
[入库 第3454行] 采购单号未匹配，已跳过
[入库 第3455行] 采购单号未匹配，已跳过
[入库 第3456行] 采购单号未匹配，已跳过
[入库 第3457行] 采购单号未匹配，已跳过
[入库 第3458行] 采购单号未匹配，已跳过
[入库 第3459行] 采购单号未匹配，已跳过
[入库 第3460行] 采购单号未匹配，已跳过
[入库 第3461行] 采购单号未匹配，已跳过
[入库 第3462行] 采购单号未匹配，已跳过
[入库 第3463行] 采购单号未匹配，已跳过
[入库 第3464行] 采购单号未匹配，已跳过
[入库 第3465行] 采购单号未匹配，已跳过
[入库 第3466行] 采购单号未匹配，已跳过
[入库 第3467行] 采购单号未匹配，已跳过
[入库 第3468行] 采购单号未匹配，已跳过
[入库 第3469行] 采购单号未匹配，已跳过
[入库 第3470行] 采购单号未匹配，已跳过
[入库 第3471行] 采购单号未匹配，已跳过
[入库 第3472行] 采购单号未匹配，已跳过
[入库 第3473行] 采购单号未匹配，已跳过
[入库 第3474行] 采购单号未匹配，已跳过
[入库 第3475行] 采购单号未匹配，已跳过
[入库 第3476行] 采购单号未匹配，已跳过
[入库 第3477行] 采购单号未匹配，已跳过
[入库 第3478行] 采购单号未匹配，已跳过
[入库 第3479行] 采购单号未匹配，已跳过
[入库 第3480行] 采购单号未匹配，已跳过
[入库 第3481行] 采购单号未匹配，已跳过
[入库 第3482行] 采购单号未匹配，已跳过
[入库 第3483行] 采购单号未匹配，已跳过
[入库 第3484行] 采购单号未匹配，已跳过
[入库 第3485行] 采购单号未匹配，已跳过
[入库 第3486行] 采购单号未匹配，已跳过
[入库 第3487行] 采购单号未匹配，已跳过
[入库 第3488行] 采购单号未匹配，已跳过
[入库 第3489行] 采购单号未匹配，已跳过
[入库 第3490行] 采购单号未匹配，已跳过
[入库 第3491行] 采购单号未匹配，已跳过
[入库 第3492行] 采购单号未匹配，已跳过
[入库 第3493行] 采购单号未匹配，已跳过
[入库 第3494行] 采购单号未匹配，已跳过
[入库 第3495行] 采购单号未匹配，已跳过
[入库 第3496行] 采购单号未匹配，已跳过
[入库 第3497行] 采购单号未匹配，已跳过
[入库 第3498行] 采购单号未匹配，已跳过
[入库 第3499行] 采购单号未匹配，已跳过
[入库 第3500行] 采购单号未匹配，已跳过
[出库 第5820行] 客户或产品名称未匹配，已跳过
[出库 第5821行] 客户或产品名称未匹配，已跳过
[出库 第5822行] 客户或产品名称未匹配，已跳过
[出库 第5823行] 客户或产品名称未匹配，已跳过
[出库 第5824行] 客户或产品名称未匹配，已跳过
[出库 第5825行] 客户或产品名称未匹配，已跳过
[出库 第5826行] 客户或产品名称未匹配，已跳过
[出库 第5827行] 客户或产品名称未匹配，已跳过
[出库 第5828行] 客户或产品名称未匹配，已跳过
[出库 第5829行] 客户或产品名称未匹配，已跳过
[出库 第5830行] 客户或产品名称未匹配，已跳过
[出库 第5831行] 客户或产品名称未匹配，已跳过
[出库 第5832行] 客户或产品名称未匹配，已跳过
[出库 第5833行] 客户或产品名称未匹配，已跳过
[出库 第5834行] 客户或产品名称未匹配，已跳过
[出库 第5835行] 客户或产品名称未匹配，已跳过
[出库 第5836行] 客户或产品名称未匹配，已跳过
[出库 第5837行] 客户或产品名称未匹配，已跳过
[出库 第5838行] 客户或产品名称未匹配，已跳过
[出库 第5839行] 客户或产品名称未匹配，已跳过
[出库 第5840行] 客户或产品名称未匹配，已跳过
[出库 第5841行] 客户或产品名称未匹配，已跳过
[出库 第5842行] 客户或产品名称未匹配，已跳过
[出库 第5843行] 客户或产品名称未匹配，已跳过
[出库 第5844行] 客户或产品名称未匹配，已跳过
[出库 第5845行] 客户或产品名称未匹配，已跳过
[出库 第5846行] 客户或产品名称未匹配，已跳过
[出库 第5847行] 客户或产品名称未匹配，已跳过
[出库 第5848行] 客户或产品名称未匹配，已跳过
[出库 第5849行] 客户或产品名称未匹配，已跳过
[出库 第5850行] 客户或产品名称未匹配，已跳过
[出库 第5851行] 客户或产品名称未匹配，已跳过
[出库 第5852行] 客户或产品名称未匹配，已跳过
[出库 第5853行] 客户或产品名称未匹配，已跳过
[出库 第5854行] 客户或产品名称未匹配，已跳过
[出库 第5855行] 客户或产品名称未匹配，已跳过
[出库 第5856行] 客户或产品名称未匹配，已跳过
[出库 第5857行] 客户或产品名称未匹配，已跳过
[出库 第5858行] 客户或产品名称未匹配，已跳过
[出库 第5859行] 客户或产品名称未匹配，已跳过
[出库 第5860行] 客户或产品名称未匹配，已跳过
[出库 第5861行] 客户或产品名称未匹配，已跳过
[出库 第5862行] 客户或产品名称未匹配，已跳过
[出库 第5863行] 客户或产品名称未匹配，已跳过
[出库 第5864行] 客户或产品名称未匹配，已跳过
[出库 第5865行] 客户或产品名称未匹配，已跳过
[出库 第5866行] 客户或产品名称未匹配，已跳过
[出库 第5867行] 客户或产品名称未匹配，已跳过
[出库 第5868行] 客户或产品名称未匹配，已跳过
[出库 第5869行] 客户或产品名称未匹配，已跳过
[出库 第5870行] 客户或产品名称未匹配，已跳过
[出库 第5871行] 客户或产品名称未匹配，已跳过
[出库 第5872行] 客户或产品名称未匹配，已跳过
[出库 第5873行] 客户或产品名称未匹配，已跳过
[出库 第5874行] 客户或产品名称未匹配，已跳过
[出库 第5875行] 客户或产品名称未匹配，已跳过
[出库 第5876行] 客户或产品名称未匹配，已跳过
[出库 第5877行] 客户或产品名称未匹配，已跳过
[出库 第5878行] 客户或产品名称未匹配，已跳过
[出库 第5879行] 客户或产品名称未匹配，已跳过
[出库 第5880行] 客户或产品名称未匹配，已跳过
[出库 第5881行] 客户或产品名称未匹配，已跳过
[出库 第5882行] 客户或产品名称未匹配，已跳过
[出库 第5883行] 客户或产品名称未匹配，已跳过
[出库 第5884行] 客户或产品名称未匹配，已跳过
[出库 第5885行] 客户或产品名称未匹配，已跳过
[出库 第5886行] 客户或产品名称未匹配，已跳过
[出库 第5887行] 客户或产品名称未匹配，已跳过
[出库 第5888行] 客户或产品名称未匹配，已跳过
[出库 第5889行] 客户或产品名称未匹配，已跳过
[出库 第5890行] 客户或产品名称未匹配，已跳过
[出库 第5891行] 客户或产品名称未匹配，已跳过
[出库 第5892行] 客户或产品名称未匹配，已跳过
[出库 第5893行] 客户或产品名称未匹配，已跳过
[出库 第5894行] 客户或产品名称未匹配，已跳过
[出库 第5895行] 客户或产品名称未匹配，已跳过
[出库 第5896行] 客户或产品名称未匹配，已跳过
[出库 第5897行] 客户或产品名称未匹配，已跳过
[出库 第5898行] 客户或产品名称未匹配，已跳过
[出库 第5899行] 客户或产品名称未匹配，已跳过
[出库 第5900行] 客户或产品名称未匹配，已跳过
[出库 第5901行] 客户或产品名称未匹配，已跳过
[出库 第5902行] 客户或产品名称未匹配，已跳过
[出库 第5903行] 客户或产品名称未匹配，已跳过
[出库 第5904行] 客户或产品名称未匹配，已跳过
[出库 第5905行] 客户或产品名称未匹配，已跳过
[出库 第5906行] 客户或产品名称未匹配，已跳过
[出库 第5907行] 客户或产品名称未匹配，已跳过
[出库 第5908行] 客户或产品名称未匹配，已跳过
[出库 第5909行] 客户或产品名称未匹配，已跳过
[出库 第5910行] 客户或产品名称未匹配，已跳过
[出库 第5911行] 客户或产品名称未匹配，已跳过
[出库 第5912行] 客户或产品名称未匹配，已跳过
[出库 第5913行] 客户或产品名称未匹配，已跳过
[出库 第5914行] 客户或产品名称未匹配，已跳过
[出库 第5915行] 客户或产品名称未匹配，已跳过
[出库 第5916行] 客户或产品名称未匹配，已跳过
[出库 第5917行] 客户或产品名称未匹配，已跳过
[出库 第5918行] 客户或产品名称未匹配，已跳过
[出库 第5919行] 客户或产品名称未匹配，已跳过
[出库 第5920行] 客户或产品名称未匹配，已跳过
[出库 第5921行] 客户或产品名称未匹配，已跳过
[出库 第5922行] 客户或产品名称未匹配，已跳过
[出库 第5923行] 客户或产品名称未匹配，已跳过
[出库 第5924行] 客户或产品名称未匹配，已跳过
[出库 第5925行] 客户或产品名称未匹配，已跳过
[出库 第5926行] 客户或产品名称未匹配，已跳过
[出库 第5927行] 客户或产品名称未匹配，已跳过
[出库 第5928行] 客户或产品名称未匹配，已跳过
[出库 第5929行] 客户或产品名称未匹配，已跳过
[出库 第5930行] 客户或产品名称未匹配，已跳过
[出库 第5931行] 客户或产品名称未匹配，已跳过
[出库 第5932行] 客户或产品名称未匹配，已跳过
[出库 第5933行] 客户或产品名称未匹配，已跳过
[出库 第5934行] 客户或产品名称未匹配，已跳过
[出库 第5935行] 客户或产品名称未匹配，已跳过
[出库 第5936行] 客户或产品名称未匹配，已跳过
[出库 第5937行] 客户或产品名称未匹配，已跳过
[出库 第5938行] 客户或产品名称未匹配，已跳过
[出库 第5939行] 客户或产品名称未匹配，已跳过
[出库 第5940行] 客户或产品名称未匹配，已跳过
[出库 第5941行] 客户或产品名称未匹配，已跳过
[出库 第5942行] 客户或产品名称未匹配，已跳过
[出库 第5943行] 客户或产品名称未匹配，已跳过
[出库 第5944行] 客户或产品名称未匹配，已跳过
[出库 第5945行] 客户或产品名称未匹配，已跳过
[出库 第5946行] 客户或产品名称未匹配，已跳过
[出库 第5947行] 客户或产品名称未匹配，已跳过
[出库 第5948行] 客户或产品名称未匹配，已跳过
[出库 第5949行] 客户或产品名称未匹配，已跳过
[出库 第5950行] 客户或产品名称未匹配，已跳过
[出库 第5951行] 客户或产品名称未匹配，已跳过
[出库 第5952行] 客户或产品名称未匹配，已跳过
[出库 第5953行] 客户或产品名称未匹配，已跳过
[出库 第5954行] 客户或产品名称未匹配，已跳过
[出库 第5955行] 客户或产品名称未匹配，已跳过
[出库 第5956行] 客户或产品名称未匹配，已跳过
[出库 第5957行] 客户或产品名称未匹配，已跳过
[出库 第5958行] 客户或产品名称未匹配，已跳过
[出库 第5959行] 客户或产品名称未匹配，已跳过
[出库 第5960行] 客户或产品名称未匹配，已跳过
[出库 第5961行] 客户或产品名称未匹配，已跳过
[出库 第5962行] 客户或产品名称未匹配，已跳过
[出库 第5963行] 客户或产品名称未匹配，已跳过
[出库 第5964行] 客户或产品名称未匹配，已跳过
[出库 第5965行] 客户或产品名称未匹配，已跳过
[出库 第5966行] 客户或产品名称未匹配，已跳过
[出库 第5967行] 客户或产品名称未匹配，已跳过
[出库 第5968行] 客户或产品名称未匹配，已跳过
[出库 第5969行] 客户或产品名称未匹配，已跳过
[出库 第5970行] 客户或产品名称未匹配，已跳过
[出库 第5971行] 客户或产品名称未匹配，已跳过
[出库 第5972行] 客户或产品名称未匹配，已跳过
[出库 第5973行] 客户或产品名称未匹配，已跳过
[出库 第5974行] 客户或产品名称未匹配，已跳过
[出库 第5975行] 客户或产品名称未匹配，已跳过
[出库 第5976行] 客户或产品名称未匹配，已跳过
[出库 第5977行] 客户或产品名称未匹配，已跳过
[出库 第5978行] 客户或产品名称未匹配，已跳过
[出库 第5979行] 客户或产品名称未匹配，已跳过
[出库 第5980行] 客户或产品名称未匹配，已跳过
[出库 第5981行] 客户或产品名称未匹配，已跳过
[出库 第5982行] 客户或产品名称未匹配，已跳过
[出库 第5983行] 客户或产品名称未匹配，已跳过
[出库 第5984行] 客户或产品名称未匹配，已跳过
[出库 第5985行] 客户或产品名称未匹配，已跳过
[出库 第5986行] 客户或产品名称未匹配，已跳过
[出库 第5987行] 客户或产品名称未匹配，已跳过
[出库 第5988行] 客户或产品名称未匹配，已跳过
[出库 第5989行] 客户或产品名称未匹配，已跳过
[出库 第5990行] 客户或产品名称未匹配，已跳过
[出库 第5991行] 客户或产品名称未匹配，已跳过
[出库 第5992行] 客户或产品名称未匹配，已跳过
[出库 第5993行] 客户或产品名称未匹配，已跳过
[出库 第5994行] 客户或产品名称未匹配，已跳过
[出库 第5995行] 客户或产品名称未匹配，已跳过
[出库 第5996行] 客户或产品名称未匹配，已跳过
[出库 第5997行] 客户或产品名称未匹配，已跳过
[出库 第5998行] 客户或产品名称未匹配，已跳过
[出库 第5999行] 客户或产品名称未匹配，已跳过
[出库 第6000行] 客户或产品名称未匹配，已跳过
